Archive member included to satisfy reference by file (symbol)

B:/00_SHIELD/01_ITI/09_C++_ES/msys64/mingw64/bin/../lib/gcc/x86_64-w64-mingw32/11.2.0/libstdc++.dll.a(d005463.o)
                              C:\Users\mmich\AppData\Local\Temp\ccjVijYI.o (std::basic_ostream<char, std::char_traits<char> >& std::endl<char, std::char_traits<char> >(std::basic_ostream<char, std::char_traits<char> >&))
B:/00_SHIELD/01_ITI/09_C++_ES/msys64/mingw64/bin/../lib/gcc/x86_64-w64-mingw32/11.2.0/libstdc++.dll.a(d005462.o)
                              C:\Users\mmich\AppData\Local\Temp\ccjVijYI.o (std::cout)
B:/00_SHIELD/01_ITI/09_C++_ES/msys64/mingw64/bin/../lib/gcc/x86_64-w64-mingw32/11.2.0/libstdc++.dll.a(d005165.o)
                              C:\Users\mmich\AppData\Local\Temp\ccjVijYI.o (std::ios_base::Init::~Init())
B:/00_SHIELD/01_ITI/09_C++_ES/msys64/mingw64/bin/../lib/gcc/x86_64-w64-mingw32/11.2.0/libstdc++.dll.a(d005163.o)
                              C:\Users\mmich\AppData\Local\Temp\ccjVijYI.o (std::ios_base::Init::Init())
B:/00_SHIELD/01_ITI/09_C++_ES/msys64/mingw64/bin/../lib/gcc/x86_64-w64-mingw32/11.2.0/libstdc++.dll.a(d001905.o)
                              C:\Users\mmich\AppData\Local\Temp\ccjVijYI.o (std::ostream::operator<<(int))
B:/00_SHIELD/01_ITI/09_C++_ES/msys64/mingw64/bin/../lib/gcc/x86_64-w64-mingw32/11.2.0/libstdc++.dll.a(d001896.o)
                              C:\Users\mmich\AppData\Local\Temp\ccjVijYI.o (std::ostream::operator<<(std::ostream& (*)(std::ostream&)))
B:/00_SHIELD/01_ITI/09_C++_ES/msys64/mingw64/bin/../lib/gcc/x86_64-w64-mingw32/11.2.0/libstdc++.dll.a(d000000.o)
                              B:/00_SHIELD/01_ITI/09_C++_ES/msys64/mingw64/bin/../lib/gcc/x86_64-w64-mingw32/11.2.0/libstdc++.dll.a(d005463.o) (_head_libstdc___6_dll)
B:/00_SHIELD/01_ITI/09_C++_ES/msys64/mingw64/bin/../lib/gcc/x86_64-w64-mingw32/11.2.0/libstdc++.dll.a(d006697.o)
                              B:/00_SHIELD/01_ITI/09_C++_ES/msys64/mingw64/bin/../lib/gcc/x86_64-w64-mingw32/11.2.0/libstdc++.dll.a(d000000.o) (libstdc___6_dll_iname)
B:/00_SHIELD/01_ITI/09_C++_ES/msys64/mingw64/bin/../lib/gcc/x86_64-w64-mingw32/11.2.0/../../../../x86_64-w64-mingw32/lib/../lib/libmingw32.a(lib64_libmingw32_a-gccmain.o)
                              B:/00_SHIELD/01_ITI/09_C++_ES/msys64/mingw64/bin/../lib/gcc/x86_64-w64-mingw32/11.2.0/../../../../x86_64-w64-mingw32/lib/../lib/crt2.o (__main)
B:/00_SHIELD/01_ITI/09_C++_ES/msys64/mingw64/bin/../lib/gcc/x86_64-w64-mingw32/11.2.0/../../../../x86_64-w64-mingw32/lib/../lib/libmingw32.a(lib64_libmingw32_a-natstart.o)
                              B:/00_SHIELD/01_ITI/09_C++_ES/msys64/mingw64/bin/../lib/gcc/x86_64-w64-mingw32/11.2.0/../../../../x86_64-w64-mingw32/lib/../lib/crt2.o (__native_startup_lock)
B:/00_SHIELD/01_ITI/09_C++_ES/msys64/mingw64/bin/../lib/gcc/x86_64-w64-mingw32/11.2.0/../../../../x86_64-w64-mingw32/lib/../lib/libmingw32.a(lib64_libmingw32_a-wildcard.o)
                              B:/00_SHIELD/01_ITI/09_C++_ES/msys64/mingw64/bin/../lib/gcc/x86_64-w64-mingw32/11.2.0/../../../../x86_64-w64-mingw32/lib/../lib/crt2.o (_dowildcard)
B:/00_SHIELD/01_ITI/09_C++_ES/msys64/mingw64/bin/../lib/gcc/x86_64-w64-mingw32/11.2.0/../../../../x86_64-w64-mingw32/lib/../lib/libmingw32.a(lib64_libmingw32_a-dllargv.o)
                              B:/00_SHIELD/01_ITI/09_C++_ES/msys64/mingw64/bin/../lib/gcc/x86_64-w64-mingw32/11.2.0/../../../../x86_64-w64-mingw32/lib/../lib/crt2.o (_setargv)
B:/00_SHIELD/01_ITI/09_C++_ES/msys64/mingw64/bin/../lib/gcc/x86_64-w64-mingw32/11.2.0/../../../../x86_64-w64-mingw32/lib/../lib/libmingw32.a(lib64_libmingw32_a-_newmode.o)
                              B:/00_SHIELD/01_ITI/09_C++_ES/msys64/mingw64/bin/../lib/gcc/x86_64-w64-mingw32/11.2.0/../../../../x86_64-w64-mingw32/lib/../lib/crt2.o (_newmode)
B:/00_SHIELD/01_ITI/09_C++_ES/msys64/mingw64/bin/../lib/gcc/x86_64-w64-mingw32/11.2.0/../../../../x86_64-w64-mingw32/lib/../lib/libmingw32.a(lib64_libmingw32_a-tlssup.o)
                              B:/00_SHIELD/01_ITI/09_C++_ES/msys64/mingw64/bin/../lib/gcc/x86_64-w64-mingw32/11.2.0/../../../../x86_64-w64-mingw32/lib/../lib/crt2.o (__mingw_initltssuo_force)
B:/00_SHIELD/01_ITI/09_C++_ES/msys64/mingw64/bin/../lib/gcc/x86_64-w64-mingw32/11.2.0/../../../../x86_64-w64-mingw32/lib/../lib/libmingw32.a(lib64_libmingw32_a-xncommod.o)
                              B:/00_SHIELD/01_ITI/09_C++_ES/msys64/mingw64/bin/../lib/gcc/x86_64-w64-mingw32/11.2.0/../../../../x86_64-w64-mingw32/lib/../lib/crt2.o (_commode)
B:/00_SHIELD/01_ITI/09_C++_ES/msys64/mingw64/bin/../lib/gcc/x86_64-w64-mingw32/11.2.0/../../../../x86_64-w64-mingw32/lib/../lib/libmingw32.a(lib64_libmingw32_a-cinitexe.o)
                              B:/00_SHIELD/01_ITI/09_C++_ES/msys64/mingw64/bin/../lib/gcc/x86_64-w64-mingw32/11.2.0/../../../../x86_64-w64-mingw32/lib/../lib/crt2.o (__xc_z)
[...]
Memory Configuration

Name             Origin             Length             Attributes
*default*        0x0000000000000000 0xffffffffffffffff

Linker script and memory map

                0x0000000140000000                __image_base__ = 0x140000000
                0x0000000000000000                __dll__ = 0x0
                0x0000000140000000                __ImageBase = 0x140000000
                0x0000000000001000                __section_alignment__ = 0x1000
                0x0000000000000200                __file_alignment__ = 0x200
                0x0000000000000004                __major_os_version__ = 0x4
                0x0000000000000000                __minor_os_version__ = 0x0
                0x0000000000000000                __major_image_version__ = 0x0
                0x0000000000000000                __minor_image_version__ = 0x0
                0x0000000000000005                __major_subsystem_version__ = 0x5
                0x0000000000000002                __minor_subsystem_version__ = 0x2
                0x0000000000000003                __subsystem__ = 0x3
                0x0000000000200000                __size_of_stack_reserve__ = 0x200000
                0x0000000000001000                __size_of_stack_commit__ = 0x1000
                0x0000000000100000                __size_of_heap_reserve__ = 0x100000
                0x0000000000001000                __size_of_heap_commit__ = 0x1000
                0x0000000000000000                __loader_flags__ = 0x0
                0x0000000000000160                __dll_characteristics__ = 0x160
LOAD B:/00_SHIELD/01_ITI/09_C++_ES/msys64/mingw64/bin/../lib/gcc/x86_64-w64-mingw32/11.2.0/../../../../x86_64-w64-mingw32/lib/../lib/crt2.o
LOAD B:/00_SHIELD/01_ITI/09_C++_ES/msys64/mingw64/bin/../lib/gcc/x86_64-w64-mingw32/11.2.0/crtbegin.o
LOAD C:\Users\mmich\AppData\Local\Temp\ccjVijYI.o
LOAD B:/00_SHIELD/01_ITI/09_C++_ES/msys64/mingw64/bin/../lib/gcc/x86_64-w64-mingw32/11.2.0/libstdc++.dll.a
LOAD B:/00_SHIELD/01_ITI/09_C++_ES/msys64/mingw64/bin/../lib/gcc/x86_64-w64-mingw32/11.2.0/../../../../x86_64-w64-mingw32/lib/../lib/libmingw32.a
LOAD B:/00_SHIELD/01_ITI/09_C++_ES/msys64/mingw64/bin/../lib/gcc/x86_64-w64-mingw32/11.2.0/libgcc_s.a
LOAD B:/00_SHIELD/01_ITI/09_C++_ES/msys64/mingw64/bin/../lib/gcc/x86_64-w64-mingw32/11.2.0/libgcc.a
LOAD B:/00_SHIELD/01_ITI/09_C++_ES/msys64/mingw64/bin/../lib/gcc/x86_64-w64-mingw32/11.2.0/../../../../x86_64-w64-mingw32/lib/../lib/libmoldname.a
LOAD B:/00_SHIELD/01_ITI/09_C++_ES/msys64/mingw64/bin/../lib/gcc/x86_64-w64-mingw32/11.2.0/../../../../x86_64-w64-mingw32/lib/../lib/libmingwex.a
LOAD B:/00_SHIELD/01_ITI/09_C++_ES/msys64/mingw64/bin/../lib/gcc/x86_64-w64-mingw32/11.2.0/../../../../x86_64-w64-mingw32/lib/../lib/libmsvcrt.a
LOAD B:/00_SHIELD/01_ITI/09_C++_ES/msys64/mingw64/bin/../lib/gcc/x86_64-w64-mingw32/11.2.0/../../../../x86_64-w64-mingw32/lib/../lib/libkernel32.a
LOAD B:/00_SHIELD/01_ITI/09_C++_ES/msys64/mingw64/bin/../lib/gcc/x86_64-w64-mingw32/11.2.0/../../../../x86_64-w64-mingw32/lib/../lib/libpthread.dll.a
LOAD B:/00_SHIELD/01_ITI/09_C++_ES/msys64/mingw64/bin/../lib/gcc/x86_64-w64-mingw32/11.2.0/../../../../x86_64-w64-mingw32/lib/../lib/libadvapi32.a
LOAD B:/00_SHIELD/01_ITI/09_C++_ES/msys64/mingw64/bin/../lib/gcc/x86_64-w64-mingw32/11.2.0/../../../../x86_64-w64-mingw32/lib/../lib/libshell32.a
LOAD B:/00_SHIELD/01_ITI/09_C++_ES/msys64/mingw64/bin/../lib/gcc/x86_64-w64-mingw32/11.2.0/../../../../x86_64-w64-mingw32/lib/../lib/libuser32.a
LOAD B:/00_SHIELD/01_ITI/09_C++_ES/msys64/mingw64/bin/../lib/gcc/x86_64-w64-mingw32/11.2.0/../../../../x86_64-w64-mingw32/lib/../lib/libkernel32.a
LOAD B:/00_SHIELD/01_ITI/09_C++_ES/msys64/mingw64/bin/../lib/gcc/x86_64-w64-mingw32/11.2.0/../../../../x86_64-w64-mingw32/lib/../lib/libmingw32.a
LOAD B:/00_SHIELD/01_ITI/09_C++_ES/msys64/mingw64/bin/../lib/gcc/x86_64-w64-mingw32/11.2.0/libgcc_s.a
LOAD B:/00_SHIELD/01_ITI/09_C++_ES/msys64/mingw64/bin/../lib/gcc/x86_64-w64-mingw32/11.2.0/libgcc.a
LOAD B:/00_SHIELD/01_ITI/09_C++_ES/msys64/mingw64/bin/../lib/gcc/x86_64-w64-mingw32/11.2.0/../../../../x86_64-w64-mingw32/lib/../lib/libmoldname.a
LOAD B:/00_SHIELD/01_ITI/09_C++_ES/msys64/mingw64/bin/../lib/gcc/x86_64-w64-mingw32/11.2.0/../../../../x86_64-w64-mingw32/lib/../lib/libmingwex.a
LOAD B:/00_SHIELD/01_ITI/09_C++_ES/msys64/mingw64/bin/../lib/gcc/x86_64-w64-mingw32/11.2.0/../../../../x86_64-w64-mingw32/lib/../lib/libmsvcrt.a
LOAD B:/00_SHIELD/01_ITI/09_C++_ES/msys64/mingw64/bin/../lib/gcc/x86_64-w64-mingw32/11.2.0/../../../../x86_64-w64-mingw32/lib/../lib/libkernel32.a
LOAD B:/00_SHIELD/01_ITI/09_C++_ES/msys64/mingw64/bin/../lib/gcc/x86_64-w64-mingw32/11.2.0/../../../../x86_64-w64-mingw32/lib/../lib/default-manifest.o
LOAD B:/00_SHIELD/01_ITI/09_C++_ES/msys64/mingw64/bin/../lib/gcc/x86_64-w64-mingw32/11.2.0/crtend.o
                0x00000000000004a8                . = SIZEOF_HEADERS
                0x0000000000001000                . = ALIGN (__section_alignment__)

.text           0x0000000140001000     0x1c00
 *(SORT_NONE(.init))
 *(.text)
 .text          0x0000000140001000      0x510 B:/00_SHIELD/01_ITI/09_C++_ES/msys64/mingw64/bin/../lib/gcc/x86_64-w64-mingw32/11.2.0/../../../../x86_64-w64-mingw32/lib/../lib/crt2.o
                0x00000001400014b0                WinMainCRTStartup
                0x00000001400014d0                mainCRTStartup
                0x00000001400014f0                atexit
 .text          0x0000000140001510       0x20 B:/00_SHIELD/01_ITI/09_C++_ES/msys64/mingw64/bin/../lib/gcc/x86_64-w64-mingw32/11.2.0/crtbegin.o
                0x0000000140001510                __gcc_register_frame
                0x0000000140001520                __gcc_deregister_frame
 .text          0x0000000140001530       0xc0 C:\Users\mmich\AppData\Local\Temp\ccjVijYI.o
                0x0000000140001530                main
 .text          0x00000001400015f0        0x8 B:/00_SHIELD/01_ITI/09_C++_ES/msys64/mingw64/bin/../lib/gcc/x86_64-w64-mingw32/11.2.0/libstdc++.dll.a(d005463.o)
                0x00000001400015f0                std::basic_ostream<char, std::char_traits<char> >& std::endl<char, std::char_traits<char> >(std::basic_ostream<char, std::char_traits<char> >&)
 .text          0x00000001400015f8        0x0 B:/00_SHIELD/01_ITI/09_C++_ES/msys64/mingw64/bin/../lib/gcc/x86_64-w64-mingw32/11.2.0/libstdc++.dll.a(d005462.o)
 .text          0x00000001400015f8        0x8 B:/00_SHIELD/01_ITI/09_C++_ES/msys64/mingw64/bin/../lib/gcc/x86_64-w64-mingw32/11.2.0/libstdc++.dll.a(d005165.o)
                0x00000001400015f8                std::ios_base::Init::~Init()
 .text          0x0000000140001600        0x8 B:/00_SHIELD/01_ITI/09_C++_ES/msys64/mingw64/bin/../lib/gcc/x86_64-w64-mingw32/11.2.0/libstdc++.dll.a(d005163.o)
                0x0000000140001600                std::ios_base::Init::Init()
 .text          0x0000000140001608        0x8 B:/00_SHIELD/01_ITI/09_C++_ES/msys64/mingw64/bin/../lib/gcc/x86_64-w64-mingw32/11.2.0/libstdc++.dll.a(d001905.o)
                0x0000000140001608                std::ostream::operator<<(int)
 .text          0x0000000140001610        0x8 B:/00_SHIELD/01_ITI/09_C++_ES/msys64/mingw64/bin/../lib/gcc/x86_64-w64-mingw32/11.2.0/libstdc++.dll.a(d001896.o)
                0x0000000140001610                std::ostream::operator<<(std::ostream& (*)(std::ostream&))
 *fill*         0x0000000140001618        0x8 
 .text          0x0000000140001620       0xd0 B:/00_SHIELD/01_ITI/09_C++_ES/msys64/mingw64/bin/../lib/gcc/x86_64-w64-mingw32/11.2.0/../../../../x86_64-w64-mingw32/lib/../lib/libmingw32.a(lib64_libmingw32_a-gccmain.o)
                0x0000000140001620                __do_global_dtors
                0x0000000140001660                __do_global_ctors
                0x00000001400016d0                __main
 .text          0x00000001400016f0        0x0 B:/00_SHIELD/01_ITI/09_C++_ES/msys64/mingw64/bin/../lib/gcc/x86_64-w64-mingw32/11.2.0/../../../../x86_64-w64-mingw32/lib/../lib/libmingw32.a(lib64_libmingw32_a-natstart.o)
 .text          0x00000001400016f0        0x0 B:/00_SHIELD/01_ITI/09_C++_ES/msys64/mingw64/bin/../lib/gcc/x86_64-w64-mingw32/11.2.0/../../../../x86_64-w64-mingw32/lib/../lib/libmingw32.a(lib64_libmingw32_a-wildcard.o)
 .text          0x00000001400016f0       0x10 B:/00_SHIELD/01_ITI/09_C++_ES/msys64/mingw64/bin/../lib/gcc/x86_64-w64-mingw32/11.2.0/../../../../x86_64-w64-mingw32/lib/../lib/libmingw32.a(lib64_libmingw32_a-dllargv.o)
                0x00000001400016f0                _setargv
 .text          0x0000000140001700        0x0 B:/00_SHIELD/01_ITI/09_C++_ES/msys64/mingw64/bin/../lib/gcc/x86_64-w64-mingw32/11.2.0/../../../../x86_64-w64-mingw32/lib/../lib/libmingw32.a(lib64_libmingw32_a-_newmode.o)
 .text          0x0000000140001700       0xd0 B:/00_SHIELD/01_ITI/09_C++_ES/msys64/mingw64/bin/../lib/gcc/x86_64-w64-mingw32/11.2.0/../../../../x86_64-w64-mingw32/lib/../lib/libmingw32.a(lib64_libmingw32_a-tlssup.o)
                0x0000000140001730                __dyn_tls_init
                0x00000001400017c0                __tlregdtor
 .text          0x00000001400017d0        0x0 B:/00_SHIELD/01_ITI/09_C++_ES/msys64/mingw64/bin/../lib/gcc/x86_64-w64-mingw32/11.2.0/../../../../x86_64-w64-mingw32/lib/../lib/libmingw32.a(lib64_libmingw32_a-xncommod.o)
 .text          0x00000001400017d0        0x0 B:/00_SHIELD/01_ITI/09_C++_ES/msys64/mingw64/bin/../lib/gcc/x86_64-w64-mingw32/11.2.0/../../../../x86_64-w64-mingw32/lib/../lib/libmingw32.a(lib64_libmingw32_a-cinitexe.o)
 .text          0x00000001400017d0      0x100 B:/00_SHIELD/01_ITI/09_C++_ES/msys64/mingw64/bin/../lib/gcc/x86_64-w64-mingw32/11.2.0/../../../../x86_64-w64-mingw32/lib/../lib/libmingw32.a(lib64_libmingw32_a-merr.o)
                0x00000001400017d0                _matherr
 .text          0x00000001400018d0       0x10 B:/00_SHIELD/01_ITI/09_C++_ES/msys64/mingw64/bin/../lib/gcc/x86_64-w64-mingw32/11.2.0/../../../../x86_64-w64-mingw32/lib/../lib/libmingw32.a(lib64_libmingw32_a-CRT_fp10.o)
                0x00000001400018d0                fpreset
                0x00000001400018d0                _fpreset
 .text          0x00000001400018e0        0x0 B:/00_SHIELD/01_ITI/09_C++_ES/msys64/mingw64/bin/../lib/gcc/x86_64-w64-mingw32/11.2.0/../../../../x86_64-w64-mingw32/lib/../lib/libmingw32.a(lib64_libmingw32_a-mingw_helpers.o)
 .text          0x00000001400018e0      0x520 B:/00_SHIELD/01_ITI/09_C++_ES/msys64/mingw64/bin/../lib/gcc/x86_64-w64-mingw32/11.2.0/../../../../x86_64-w64-mingw32/lib/../lib/libmingw32.a(lib64_libmingw32_a-pseudo-reloc.o)
                0x0000000140001ac0                _pei386_runtime_relocator
 .text          0x0000000140001e00       0x60 B:/00_SHIELD/01_ITI/09_C++_ES/msys64/mingw64/bin/../lib/gcc/x86_64-w64-mingw32/11.2.0/../../../../x86_64-w64-mingw32/lib/../lib/libmingw32.a(lib64_libmingw32_a-usermatherr.o)
                0x0000000140001e00                __mingw_raise_matherr
                0x0000000140001e50                __mingw_setusermatherr
 .text          0x0000000140001e60        0x0 B:/00_SHIELD/01_ITI/09_C++_ES/msys64/mingw64/bin/../lib/gcc/x86_64-w64-mingw32/11.2.0/../../../../x86_64-w64-mingw32/lib/../lib/libmingw32.a(lib64_libmingw32_a-xtxtmode.o)
 .text          0x0000000140001e60      0x1c0 B:/00_SHIELD/01_ITI/09_C++_ES/msys64/mingw64/bin/../lib/gcc/x86_64-w64-mingw32/11.2.0/../../../../x86_64-w64-mingw32/lib/../lib/libmingw32.a(lib64_libmingw32_a-crt_handler.o)
                0x0000000140001e60                _gnu_exception_handler
 .text          0x0000000140002020      0x290 B:/00_SHIELD/01_ITI/09_C++_ES/msys64/mingw64/bin/../lib/gcc/x86_64-w64-mingw32/11.2.0/../../../../x86_64-w64-mingw32/lib/../lib/libmingw32.a(lib64_libmingw32_a-tlsthrd.o)
                0x00000001400020a0                ___w64_mingwthr_add_key_dtor
                0x0000000140002130                ___w64_mingwthr_remove_key_dtor
                0x00000001400021c0                __mingw_TLScallback
 .text          0x00000001400022b0        0x0 B:/00_SHIELD/01_ITI/09_C++_ES/msys64/mingw64/bin/../lib/gcc/x86_64-w64-mingw32/11.2.0/../../../../x86_64-w64-mingw32/lib/../lib/libmingw32.a(lib64_libmingw32_a-tlsmcrt.o)
 .text          0x00000001400022b0        0x0 B:/00_SHIELD/01_ITI/09_C++_ES/msys64/mingw64/bin/../lib/gcc/x86_64-w64-mingw32/11.2.0/../../../../x86_64-w64-mingw32/lib/../lib/libmingw32.a(lib64_libmingw32_a-pseudo-reloc-list.o)
 .text          0x00000001400022b0      0x3e0 B:/00_SHIELD/01_ITI/09_C++_ES/msys64/mingw64/bin/../lib/gcc/x86_64-w64-mingw32/11.2.0/../../../../x86_64-w64-mingw32/lib/../lib/libmingw32.a(lib64_libmingw32_a-pesect.o)
                0x00000001400022b0                _ValidateImageBase
                0x00000001400022e0                _FindPESection
                0x0000000140002330                _FindPESectionByName
                0x00000001400023d0                __mingw_GetSectionForAddress
                0x0000000140002450                __mingw_GetSectionCount
                0x0000000140002490                _FindPESectionExec
                0x0000000140002500                _GetPEImageBase
                0x0000000140002540                _IsNonwritableInCurrentImage
                0x00000001400025d0                __mingw_enum_import_library_names
 .text          0x0000000140002690       0x40 B:/00_SHIELD/01_ITI/09_C++_ES/msys64/mingw64/bin/../lib/gcc/x86_64-w64-mingw32/11.2.0/libgcc.a(_chkstk_ms.o)
                0x0000000140002690                ___chkstk_ms
 .text          0x00000001400026d0        0x0 B:/00_SHIELD/01_ITI/09_C++_ES/msys64/mingw64/bin/../lib/gcc/x86_64-w64-mingw32/11.2.0/libgcc.a(_ctors.o)
 .text          0x00000001400026d0        0x0 B:/00_SHIELD/01_ITI/09_C++_ES/msys64/mingw64/bin/../lib/gcc/x86_64-w64-mingw32/11.2.0/../../../../x86_64-w64-mingw32/lib/../lib/libmingwex.a(lib64_libmingwex_a-mingw_matherr.o)
 .text          0x00000001400026d0       0x10 B:/00_SHIELD/01_ITI/09_C++_ES/msys64/mingw64/bin/../lib/gcc/x86_64-w64-mingw32/11.2.0/../../../../x86_64-w64-mingw32/lib/../lib/libmsvcrt.a(lib64_libmsvcrt_extra_a-__p__fmode.o)
                0x00000001400026d0                __p__fmode
 .text          0x00000001400026e0       0x10 B:/00_SHIELD/01_ITI/09_C++_ES/msys64/mingw64/bin/../lib/gcc/x86_64-w64-mingw32/11.2.0/../../../../x86_64-w64-mingw32/lib/../lib/libmsvcrt.a(lib64_libmsvcrt_extra_a-__p__commode.o)
                0x00000001400026e0                __p__commode
 .text          0x00000001400026f0       0x10 B:/00_SHIELD/01_ITI/09_C++_ES/msys64/mingw64/bin/../lib/gcc/x86_64-w64-mingw32/11.2.0/../../../../x86_64-w64-mingw32/lib/../lib/libmsvcrt.a(lib64_libmsvcrt_extra_a-__p__acmdln.o)
                0x00000001400026f0                __p__acmdln
 .text          0x0000000140002700       0x20 B:/00_SHIELD/01_ITI/09_C++_ES/msys64/mingw64/bin/../lib/gcc/x86_64-w64-mingw32/11.2.0/../../../../x86_64-w64-mingw32/lib/../lib/libmsvcrt.a(lib64_libmsvcrt_extra_a-invalid_parameter_handler.o)
                0x0000000140002700                _get_invalid_parameter_handler
                0x0000000140002710                _set_invalid_parameter_handler
 .text          0x0000000140002720       0x20 B:/00_SHIELD/01_ITI/09_C++_ES/msys64/mingw64/bin/../lib/gcc/x86_64-w64-mingw32/11.2.0/../../../../x86_64-w64-mingw32/lib/../lib/libmsvcrt.a(lib64_libmsvcrt_common_a-acrt_iob_func.o)
                0x0000000140002720                __acrt_iob_func
 .text          0x0000000140002740        0x8 B:/00_SHIELD/01_ITI/09_C++_ES/msys64/mingw64/bin/../lib/gcc/x86_64-w64-mingw32/11.2.0/../../../../x86_64-w64-mingw32/lib/../lib/libmsvcrt.a(libmsvcrt_defs00055.o)
                0x0000000140002740                __C_specific_handler
 .text          0x0000000140002748        0x8 B:/00_SHIELD/01_ITI/09_C++_ES/msys64/mingw64/bin/../lib/gcc/x86_64-w64-mingw32/11.2.0/../../../../x86_64-w64-mingw32/lib/../lib/libmsvcrt.a(libmsvcrt_defs00081.o)
                0x0000000140002748                __getmainargs
 .text          0x0000000140002750        0x0 B:/00_SHIELD/01_ITI/09_C++_ES/msys64/mingw64/bin/../lib/gcc/x86_64-w64-mingw32/11.2.0/../../../../x86_64-w64-mingw32/lib/../lib/libmsvcrt.a(libmsvcrt_defs00082.o)
 .text          0x0000000140002750        0x8 B:/00_SHIELD/01_ITI/09_C++_ES/msys64/mingw64/bin/../lib/gcc/x86_64-w64-mingw32/11.2.0/../../../../x86_64-w64-mingw32/lib/../lib/libmsvcrt.a(libmsvcrt_defs00083.o)
                0x0000000140002750                __iob_func
 .text          0x0000000140002758        0x8 B:/00_SHIELD/01_ITI/09_C++_ES/msys64/mingw64/bin/../lib/gcc/x86_64-w64-mingw32/11.2.0/../../../../x86_64-w64-mingw32/lib/../lib/libmsvcrt.a(libmsvcrt_defs00097.o)
                0x0000000140002758                __set_app_type
 .text          0x0000000140002760        0x8 B:/00_SHIELD/01_ITI/09_C++_ES/msys64/mingw64/bin/../lib/gcc/x86_64-w64-mingw32/11.2.0/../../../../x86_64-w64-mingw32/lib/../lib/libmsvcrt.a(libmsvcrt_defs00099.o)
                0x0000000140002760                __setusermatherr
 .text          0x0000000140002768        0x0 B:/00_SHIELD/01_ITI/09_C++_ES/msys64/mingw64/bin/../lib/gcc/x86_64-w64-mingw32/11.2.0/../../../../x86_64-w64-mingw32/lib/../lib/libmsvcrt.a(libmsvcrt_defs00116.o)
 .text          0x0000000140002768        0x8 B:/00_SHIELD/01_ITI/09_C++_ES/msys64/mingw64/bin/../lib/gcc/x86_64-w64-mingw32/11.2.0/../../../../x86_64-w64-mingw32/lib/../lib/libmsvcrt.a(libmsvcrt_defs00123.o)
                0x0000000140002768                _amsg_exit
 .text          0x0000000140002770        0x8 B:/00_SHIELD/01_ITI/09_C++_ES/msys64/mingw64/bin/../lib/gcc/x86_64-w64-mingw32/11.2.0/../../../../x86_64-w64-mingw32/lib/../lib/libmsvcrt.a(libmsvcrt_defs00141.o)
                0x0000000140002770                _cexit
 .text          0x0000000140002778        0x0 B:/00_SHIELD/01_ITI/09_C++_ES/msys64/mingw64/bin/../lib/gcc/x86_64-w64-mingw32/11.2.0/../../../../x86_64-w64-mingw32/lib/../lib/libmsvcrt.a(libmsvcrt_defs00157.o)
 .text          0x0000000140002778        0x0 B:/00_SHIELD/01_ITI/09_C++_ES/msys64/mingw64/bin/../lib/gcc/x86_64-w64-mingw32/11.2.0/../../../../x86_64-w64-mingw32/lib/../lib/libmsvcrt.a(libmsvcrt_defs00254.o)
 .text          0x0000000140002778        0x8 B:/00_SHIELD/01_ITI/09_C++_ES/msys64/mingw64/bin/../lib/gcc/x86_64-w64-mingw32/11.2.0/../../../../x86_64-w64-mingw32/lib/../lib/libmsvcrt.a(libmsvcrt_defs00332.o)
                0x0000000140002778                _initterm
 .text          0x0000000140002780        0x8 B:/00_SHIELD/01_ITI/09_C++_ES/msys64/mingw64/bin/../lib/gcc/x86_64-w64-mingw32/11.2.0/../../../../x86_64-w64-mingw32/lib/../lib/libmsvcrt.a(libmsvcrt_defs00614.o)
                0x0000000140002780                _onexit
 .text          0x0000000140002788        0x8 B:/00_SHIELD/01_ITI/09_C++_ES/msys64/mingw64/bin/../lib/gcc/x86_64-w64-mingw32/11.2.0/../../../../x86_64-w64-mingw32/lib/../lib/libmsvcrt.a(libmsvcrt_defs01038.o)
                0x0000000140002788                abort
 .text          0x0000000140002790        0x8 B:/00_SHIELD/01_ITI/09_C++_ES/msys64/mingw64/bin/../lib/gcc/x86_64-w64-mingw32/11.2.0/../../../../x86_64-w64-mingw32/lib/../lib/libmsvcrt.a(libmsvcrt_defs01056.o)
                0x0000000140002790                calloc
 .text          0x0000000140002798        0x8 B:/00_SHIELD/01_ITI/09_C++_ES/msys64/mingw64/bin/../lib/gcc/x86_64-w64-mingw32/11.2.0/../../../../x86_64-w64-mingw32/lib/../lib/libmsvcrt.a(libmsvcrt_defs01069.o)
                0x0000000140002798                exit
 .text          0x00000001400027a0        0x8 B:/00_SHIELD/01_ITI/09_C++_ES/msys64/mingw64/bin/../lib/gcc/x86_64-w64-mingw32/11.2.0/../../../../x86_64-w64-mingw32/lib/../lib/libmsvcrt.a(libmsvcrt_defs01090.o)
                0x00000001400027a0                fprintf
 .text          0x00000001400027a8        0x8 B:/00_SHIELD/01_ITI/09_C++_ES/msys64/mingw64/bin/../lib/gcc/x86_64-w64-mingw32/11.2.0/../../../../x86_64-w64-mingw32/lib/../lib/libmsvcrt.a(libmsvcrt_defs01097.o)
                0x00000001400027a8                free
 .text          0x00000001400027b0        0x8 B:/00_SHIELD/01_ITI/09_C++_ES/msys64/mingw64/bin/../lib/gcc/x86_64-w64-mingw32/11.2.0/../../../../x86_64-w64-mingw32/lib/../lib/libmsvcrt.a(libmsvcrt_defs01110.o)
                0x00000001400027b0                fwrite
 .text          0x00000001400027b8        0x8 B:/00_SHIELD/01_ITI/09_C++_ES/msys64/mingw64/bin/../lib/gcc/x86_64-w64-mingw32/11.2.0/../../../../x86_64-w64-mingw32/lib/../lib/libmsvcrt.a(libmsvcrt_defs01158.o)
                0x00000001400027b8                malloc
 .text          0x00000001400027c0        0x8 B:/00_SHIELD/01_ITI/09_C++_ES/msys64/mingw64/bin/../lib/gcc/x86_64-w64-mingw32/11.2.0/../../../../x86_64-w64-mingw32/lib/../lib/libmsvcrt.a(libmsvcrt_defs01166.o)
                0x00000001400027c0                memcpy
 .text          0x00000001400027c8        0x8 B:/00_SHIELD/01_ITI/09_C++_ES/msys64/mingw64/bin/../lib/gcc/x86_64-w64-mingw32/11.2.0/../../../../x86_64-w64-mingw32/lib/../lib/libmsvcrt.a(libmsvcrt_defs01198.o)
                0x00000001400027c8                signal
 .text          0x00000001400027d0        0x8 B:/00_SHIELD/01_ITI/09_C++_ES/msys64/mingw64/bin/../lib/gcc/x86_64-w64-mingw32/11.2.0/../../../../x86_64-w64-mingw32/lib/../lib/libmsvcrt.a(libmsvcrt_defs01221.o)
                0x00000001400027d0                strlen
 .text          0x00000001400027d8        0x8 B:/00_SHIELD/01_ITI/09_C++_ES/msys64/mingw64/bin/../lib/gcc/x86_64-w64-mingw32/11.2.0/../../../../x86_64-w64-mingw32/lib/../lib/libmsvcrt.a(libmsvcrt_defs01224.o)
                0x00000001400027d8                strncmp
 .text          0x00000001400027e0        0x8 B:/00_SHIELD/01_ITI/09_C++_ES/msys64/mingw64/bin/../lib/gcc/x86_64-w64-mingw32/11.2.0/../../../../x86_64-w64-mingw32/lib/../lib/libmsvcrt.a(libmsvcrt_defs01259.o)
                0x00000001400027e0                vfprintf
 *fill*         0x00000001400027e8        0x8 
 .text          0x00000001400027f0        0x0 B:/00_SHIELD/01_ITI/09_C++_ES/msys64/mingw64/bin/../lib/gcc/x86_64-w64-mingw32/11.2.0/../../../../x86_64-w64-mingw32/lib/../lib/libmsvcrt.a(libmsvcrt_defh.o)
 .text          0x00000001400027f0        0x0 B:/00_SHIELD/01_ITI/09_C++_ES/msys64/mingw64/bin/../lib/gcc/x86_64-w64-mingw32/11.2.0/../../../../x86_64-w64-mingw32/lib/../lib/libmsvcrt.a(libmsvcrt_deft.o)
 .text          0x00000001400027f0        0x8 B:/00_SHIELD/01_ITI/09_C++_ES/msys64/mingw64/bin/../lib/gcc/x86_64-w64-mingw32/11.2.0/../../../../x86_64-w64-mingw32/lib/../lib/libkernel32.a(libkernel32s01493.o)
                0x00000001400027f0                VirtualQuery
 .text          0x00000001400027f8        0x8 B:/00_SHIELD/01_ITI/09_C++_ES/msys64/mingw64/bin/../lib/gcc/x86_64-w64-mingw32/11.2.0/../../../../x86_64-w64-mingw32/lib/../lib/libkernel32.a(libkernel32s01491.o)
                0x00000001400027f8                VirtualProtect
 .text          0x0000000140002800        0x8 B:/00_SHIELD/01_ITI/09_C++_ES/msys64/mingw64/bin/../lib/gcc/x86_64-w64-mingw32/11.2.0/../../../../x86_64-w64-mingw32/lib/../lib/libkernel32.a(libkernel32s01444.o)
                0x0000000140002800                TlsGetValue
 .text          0x0000000140002808        0x8 B:/00_SHIELD/01_ITI/09_C++_ES/msys64/mingw64/bin/../lib/gcc/x86_64-w64-mingw32/11.2.0/../../../../x86_64-w64-mingw32/lib/../lib/libkernel32.a(libkernel32s01409.o)
                0x0000000140002808                Sleep
 .text          0x0000000140002810        0x8 B:/00_SHIELD/01_ITI/09_C++_ES/msys64/mingw64/bin/../lib/gcc/x86_64-w64-mingw32/11.2.0/../../../../x86_64-w64-mingw32/lib/../lib/libkernel32.a(libkernel32s01393.o)
                0x0000000140002810                SetUnhandledExceptionFilter
 .text          0x0000000140002818        0x8 B:/00_SHIELD/01_ITI/09_C++_ES/msys64/mingw64/bin/../lib/gcc/x86_64-w64-mingw32/11.2.0/../../../../x86_64-w64-mingw32/lib/../lib/libkernel32.a(libkernel32s00983.o)
                0x0000000140002818                LeaveCriticalSection
 .text          0x0000000140002820        0x8 B:/00_SHIELD/01_ITI/09_C++_ES/msys64/mingw64/bin/../lib/gcc/x86_64-w64-mingw32/11.2.0/../../../../x86_64-w64-mingw32/lib/../lib/libkernel32.a(libkernel32s00891.o)
                0x0000000140002820                InitializeCriticalSection
 .text          0x0000000140002828        0x8 B:/00_SHIELD/01_ITI/09_C++_ES/msys64/mingw64/bin/../lib/gcc/x86_64-w64-mingw32/11.2.0/../../../../x86_64-w64-mingw32/lib/../lib/libkernel32.a(libkernel32s00742.o)
                0x0000000140002828                GetStartupInfoA
 .text          0x0000000140002830        0x8 B:/00_SHIELD/01_ITI/09_C++_ES/msys64/mingw64/bin/../lib/gcc/x86_64-w64-mingw32/11.2.0/../../../../x86_64-w64-mingw32/lib/../lib/libkernel32.a(libkernel32s00629.o)
                0x0000000140002830                GetLastError
 .text          0x0000000140002838        0x8 B:/00_SHIELD/01_ITI/09_C++_ES/msys64/mingw64/bin/../lib/gcc/x86_64-w64-mingw32/11.2.0/../../../../x86_64-w64-mingw32/lib/../lib/libkernel32.a(libkernel32s00318.o)
                0x0000000140002838                EnterCriticalSection
 .text          0x0000000140002840        0x8 B:/00_SHIELD/01_ITI/09_C++_ES/msys64/mingw64/bin/../lib/gcc/x86_64-w64-mingw32/11.2.0/../../../../x86_64-w64-mingw32/lib/../lib/libkernel32.a(libkernel32s00282.o)
                0x0000000140002840                DeleteCriticalSection
 *fill*         0x0000000140002848        0x8 
 .text          0x0000000140002850        0x0 B:/00_SHIELD/01_ITI/09_C++_ES/msys64/mingw64/bin/../lib/gcc/x86_64-w64-mingw32/11.2.0/../../../../x86_64-w64-mingw32/lib/../lib/libkernel32.a(libkernel32h.o)
 .text          0x0000000140002850        0x0 B:/00_SHIELD/01_ITI/09_C++_ES/msys64/mingw64/bin/../lib/gcc/x86_64-w64-mingw32/11.2.0/../../../../x86_64-w64-mingw32/lib/../lib/libkernel32.a(libkernel32t.o)
 .text          0x0000000140002850        0x0 B:/00_SHIELD/01_ITI/09_C++_ES/msys64/mingw64/bin/../lib/gcc/x86_64-w64-mingw32/11.2.0/crtend.o
 *(SORT_BY_NAME(.text$*))
 .text$_Z5PrintIiJEEvT_DpT0_
                0x0000000140002850       0x40 C:\Users\mmich\AppData\Local\Temp\ccjVijYI.o
                0x0000000140002850                void Print<int>(int)
 .text$_Z5PrintIiJiEEvT_DpT0_
                0x0000000140002890       0x50 C:\Users\mmich\AppData\Local\Temp\ccjVijYI.o
                0x0000000140002890                void Print<int, int>(int, int)
 .text$_Z5PrintIiJiiEEvT_DpT0_
                0x00000001400028e0       0x50 C:\Users\mmich\AppData\Local\Temp\ccjVijYI.o
                0x00000001400028e0                void Print<int, int, int>(int, int, int)
 .text$_Z5PrintIiJiiiEEvT_DpT0_
                0x0000000140002930       0x60 C:\Users\mmich\AppData\Local\Temp\ccjVijYI.o
                0x0000000140002930                void Print<int, int, int, int>(int, int, int, int)
 .text$_Z5PrintIiJiiiiEEvT_DpT0_
                0x0000000140002990       0x60 C:\Users\mmich\AppData\Local\Temp\ccjVijYI.o
                0x0000000140002990                void Print<int, int, int, int, int>(int, int, int, int, int)
 *(.text.*)
 .text.startup  0x00000001400029f0       0x10 B:/00_SHIELD/01_ITI/09_C++_ES/msys64/mingw64/bin/../lib/gcc/x86_64-w64-mingw32/11.2.0/crtend.o
 *(.gnu.linkonce.t.*)
 *(.glue_7t)
 *(.glue_7)
                0x0000000140002a00                . = ALIGN (0x8)
                0x0000000140002a00                ___CTOR_LIST__ = .
                0x0000000140002a00                __CTOR_LIST__ = .
                0x0000000140002a00        0x4 LONG 0xffffffffffffffff
                0x0000000140002a04        0x4 LONG 0xffffffffffffffff
 *(.ctors)
 .ctors         0x0000000140002a08        0x8 C:\Users\mmich\AppData\Local\Temp\ccjVijYI.o
 *(.ctor)
 *(SORT_BY_NAME(.ctors.*))
 .ctors.65535   0x0000000140002a10        0x8 B:/00_SHIELD/01_ITI/09_C++_ES/msys64/mingw64/bin/../lib/gcc/x86_64-w64-mingw32/11.2.0/crtend.o
                0x0000000140002a18        0x4 LONG 0x0
                0x0000000140002a1c        0x4 LONG 0x0
                0x0000000140002a20                ___DTOR_LIST__ = .
                0x0000000140002a20                __DTOR_LIST__ = .
                0x0000000140002a20        0x4 LONG 0xffffffffffffffff
                0x0000000140002a24        0x4 LONG 0xffffffffffffffff
 *(.dtors)
 *(.dtor)
 *(SORT_BY_NAME(.dtors.*))
                0x0000000140002a28        0x4 LONG 0x0
                0x0000000140002a2c        0x4 LONG 0x0
 *(SORT_NONE(.fini))
 *(.gcc_exc)
                [!provide]                        PROVIDE (etext = .)
 *(.gcc_except_table)

.data           0x0000000140003000      0x200
                0x0000000140003000                __data_start__ = .
 *(.data)
 .data          0x0000000140003000       0x10 B:/00_SHIELD/01_ITI/09_C++_ES/msys64/mingw64/bin/../lib/gcc/x86_64-w64-mingw32/11.2.0/../../../../x86_64-w64-mingw32/lib/../lib/crt2.o
                0x0000000140003000                __mingw_winmain_nShowCmd
 .data          0x0000000140003010        0x0 B:/00_SHIELD/01_ITI/09_C++_ES/msys64/mingw64/bin/../lib/gcc/x86_64-w64-mingw32/11.2.0/crtbegin.o
 .data          0x0000000140003010        0x0 C:\Users\mmich\AppData\Local\Temp\ccjVijYI.o
 .data          0x0000000140003010       0x10 B:/00_SHIELD/01_ITI/09_C++_ES/msys64/mingw64/bin/../lib/gcc/x86_64-w64-mingw32/11.2.0/../../../../x86_64-w64-mingw32/lib/../lib/libmingw32.a(lib64_libmingw32_a-gccmain.o)
 .data          0x0000000140003020       0x10 B:/00_SHIELD/01_ITI/09_C++_ES/msys64/mingw64/bin/../lib/gcc/x86_64-w64-mingw32/11.2.0/../../../../x86_64-w64-mingw32/lib/../lib/libmingw32.a(lib64_libmingw32_a-natstart.o)
                0x0000000140003020                __native_vcclrit_reason
                0x0000000140003024                __native_dllmain_reason
 .data          0x0000000140003030       0x10 B:/00_SHIELD/01_ITI/09_C++_ES/msys64/mingw64/bin/../lib/gcc/x86_64-w64-mingw32/11.2.0/../../../../x86_64-w64-mingw32/lib/../lib/libmingw32.a(lib64_libmingw32_a-wildcard.o)
                0x0000000140003030                _dowildcard
 .data          0x0000000140003040        0x0 B:/00_SHIELD/01_ITI/09_C++_ES/msys64/mingw64/bin/../lib/gcc/x86_64-w64-mingw32/11.2.0/../../../../x86_64-w64-mingw32/lib/../lib/libmingw32.a(lib64_libmingw32_a-dllargv.o)
 .data          0x0000000140003040        0x0 B:/00_SHIELD/01_ITI/09_C++_ES/msys64/mingw64/bin/../lib/gcc/x86_64-w64-mingw32/11.2.0/../../../../x86_64-w64-mingw32/lib/../lib/libmingw32.a(lib64_libmingw32_a-_newmode.o)
 .data          0x0000000140003040        0x0 B:/00_SHIELD/01_ITI/09_C++_ES/msys64/mingw64/bin/../lib/gcc/x86_64-w64-mingw32/11.2.0/../../../../x86_64-w64-mingw32/lib/../lib/libmingw32.a(lib64_libmingw32_a-tlssup.o)
 .data          0x0000000140003040        0x0 B:/00_SHIELD/01_ITI/09_C++_ES/msys64/mingw64/bin/../lib/gcc/x86_64-w64-mingw32/11.2.0/../../../../x86_64-w64-mingw32/lib/../lib/libmingw32.a(lib64_libmingw32_a-xncommod.o)
 .data          0x0000000140003040        0x0 B:/00_SHIELD/01_ITI/09_C++_ES/msys64/mingw64/bin/../lib/gcc/x86_64-w64-mingw32/11.2.0/../../../../x86_64-w64-mingw32/lib/../lib/libmingw32.a(lib64_libmingw32_a-cinitexe.o)
 .data          0x0000000140003040        0x0 B:/00_SHIELD/01_ITI/09_C++_ES/msys64/mingw64/bin/../lib/gcc/x86_64-w64-mingw32/11.2.0/../../../../x86_64-w64-mingw32/lib/../lib/libmingw32.a(lib64_libmingw32_a-merr.o)
 .data          0x0000000140003040        0x0 B:/00_SHIELD/01_ITI/09_C++_ES/msys64/mingw64/bin/../lib/gcc/x86_64-w64-mingw32/11.2.0/../../../../x86_64-w64-mingw32/lib/../lib/libmingw32.a(lib64_libmingw32_a-CRT_fp10.o)
 .data          0x0000000140003040        0x0 B:/00_SHIELD/01_ITI/09_C++_ES/msys64/mingw64/bin/../lib/gcc/x86_64-w64-mingw32/11.2.0/../../../../x86_64-w64-mingw32/lib/../lib/libmingw32.a(lib64_libmingw32_a-mingw_helpers.o)
 .data          0x0000000140003040        0x0 B:/00_SHIELD/01_ITI/09_C++_ES/msys64/mingw64/bin/../lib/gcc/x86_64-w64-mingw32/11.2.0/../../../../x86_64-w64-mingw32/lib/../lib/libmingw32.a(lib64_libmingw32_a-pseudo-reloc.o)
 .data          0x0000000140003040        0x0 B:/00_SHIELD/01_ITI/09_C++_ES/msys64/mingw64/bin/../lib/gcc/x86_64-w64-mingw32/11.2.0/../../../../x86_64-w64-mingw32/lib/../lib/libmingw32.a(lib64_libmingw32_a-usermatherr.o)
 .data          0x0000000140003040        0x0 B:/00_SHIELD/01_ITI/09_C++_ES/msys64/mingw64/bin/../lib/gcc/x86_64-w64-mingw32/11.2.0/../../../../x86_64-w64-mingw32/lib/../lib/libmingw32.a(lib64_libmingw32_a-xtxtmode.o)
 .data          0x0000000140003040        0x0 B:/00_SHIELD/01_ITI/09_C++_ES/msys64/mingw64/bin/../lib/gcc/x86_64-w64-mingw32/11.2.0/../../../../x86_64-w64-mingw32/lib/../lib/libmingw32.a(lib64_libmingw32_a-crt_handler.o)
 .data          0x0000000140003040        0x0 B:/00_SHIELD/01_ITI/09_C++_ES/msys64/mingw64/bin/../lib/gcc/x86_64-w64-mingw32/11.2.0/../../../../x86_64-w64-mingw32/lib/../lib/libmingw32.a(lib64_libmingw32_a-tlsthrd.o)
 .data          0x0000000140003040       0x10 B:/00_SHIELD/01_ITI/09_C++_ES/msys64/mingw64/bin/../lib/gcc/x86_64-w64-mingw32/11.2.0/../../../../x86_64-w64-mingw32/lib/../lib/libmingw32.a(lib64_libmingw32_a-tlsmcrt.o)
                0x0000000140003040                _CRT_MT
 .data          0x0000000140003050        0x0 B:/00_SHIELD/01_ITI/09_C++_ES/msys64/mingw64/bin/../lib/gcc/x86_64-w64-mingw32/11.2.0/../../../../x86_64-w64-mingw32/lib/../lib/libmingw32.a(lib64_libmingw32_a-pseudo-reloc-list.o)
 .data          0x0000000140003050        0x0 B:/00_SHIELD/01_ITI/09_C++_ES/msys64/mingw64/bin/../lib/gcc/x86_64-w64-mingw32/11.2.0/../../../../x86_64-w64-mingw32/lib/../lib/libmingw32.a(lib64_libmingw32_a-pesect.o)
 .data          0x0000000140003050        0x0 B:/00_SHIELD/01_ITI/09_C++_ES/msys64/mingw64/bin/../lib/gcc/x86_64-w64-mingw32/11.2.0/libgcc.a(_chkstk_ms.o)
 .data          0x0000000140003050        0x0 B:/00_SHIELD/01_ITI/09_C++_ES/msys64/mingw64/bin/../lib/gcc/x86_64-w64-mingw32/11.2.0/libgcc.a(_ctors.o)
 .data          0x0000000140003050       0x10 B:/00_SHIELD/01_ITI/09_C++_ES/msys64/mingw64/bin/../lib/gcc/x86_64-w64-mingw32/11.2.0/../../../../x86_64-w64-mingw32/lib/../lib/libmingwex.a(lib64_libmingwex_a-mingw_matherr.o)
                0x0000000140003050                _MINGW_INSTALL_DEBUG_MATHERR
 .data          0x0000000140003060       0x10 B:/00_SHIELD/01_ITI/09_C++_ES/msys64/mingw64/bin/../lib/gcc/x86_64-w64-mingw32/11.2.0/../../../../x86_64-w64-mingw32/lib/../lib/libmsvcrt.a(lib64_libmsvcrt_extra_a-__p__fmode.o)
                0x0000000140003060                __imp___p__fmode
 .data          0x0000000140003070       0x10 B:/00_SHIELD/01_ITI/09_C++_ES/msys64/mingw64/bin/../lib/gcc/x86_64-w64-mingw32/11.2.0/../../../../x86_64-w64-mingw32/lib/../lib/libmsvcrt.a(lib64_libmsvcrt_extra_a-__p__commode.o)
                0x0000000140003070                __imp___p__commode
 .data          0x0000000140003080       0x10 B:/00_SHIELD/01_ITI/09_C++_ES/msys64/mingw64/bin/../lib/gcc/x86_64-w64-mingw32/11.2.0/../../../../x86_64-w64-mingw32/lib/../lib/libmsvcrt.a(lib64_libmsvcrt_extra_a-__p__acmdln.o)
                0x0000000140003080                __imp___p__acmdln
 .data          0x0000000140003090       0x10 B:/00_SHIELD/01_ITI/09_C++_ES/msys64/mingw64/bin/../lib/gcc/x86_64-w64-mingw32/11.2.0/../../../../x86_64-w64-mingw32/lib/../lib/libmsvcrt.a(lib64_libmsvcrt_extra_a-invalid_parameter_handler.o)
                0x0000000140003090                __imp__get_invalid_parameter_handler
                0x0000000140003098                __imp__set_invalid_parameter_handler
 .data          0x00000001400030a0       0x10 B:/00_SHIELD/01_ITI/09_C++_ES/msys64/mingw64/bin/../lib/gcc/x86_64-w64-mingw32/11.2.0/../../../../x86_64-w64-mingw32/lib/../lib/libmsvcrt.a(lib64_libmsvcrt_common_a-acrt_iob_func.o)
                0x00000001400030a0                __imp___acrt_iob_func
 .data          0x00000001400030b0        0x0 B:/00_SHIELD/01_ITI/09_C++_ES/msys64/mingw64/bin/../lib/gcc/x86_64-w64-mingw32/11.2.0/../../../../x86_64-w64-mingw32/lib/../lib/libmsvcrt.a(libmsvcrt_defs00055.o)
 .data          0x00000001400030b0        0x0 B:/00_SHIELD/01_ITI/09_C++_ES/msys64/mingw64/bin/../lib/gcc/x86_64-w64-mingw32/11.2.0/../../../../x86_64-w64-mingw32/lib/../lib/libmsvcrt.a(libmsvcrt_defs00081.o)
 .data          0x00000001400030b0        0x0 B:/00_SHIELD/01_ITI/09_C++_ES/msys64/mingw64/bin/../lib/gcc/x86_64-w64-mingw32/11.2.0/../../../../x86_64-w64-mingw32/lib/../lib/libmsvcrt.a(libmsvcrt_defs00082.o)
 .data          0x00000001400030b0        0x0 B:/00_SHIELD/01_ITI/09_C++_ES/msys64/mingw64/bin/../lib/gcc/x86_64-w64-mingw32/11.2.0/../../../../x86_64-w64-mingw32/lib/../lib/libmsvcrt.a(libmsvcrt_defs00083.o)
 .data          0x00000001400030b0        0x0 B:/00_SHIELD/01_ITI/09_C++_ES/msys64/mingw64/bin/../lib/gcc/x86_64-w64-mingw32/11.2.0/../../../../x86_64-w64-mingw32/lib/../lib/libmsvcrt.a(libmsvcrt_defs00097.o)
 .data          0x00000001400030b0        0x0 B:/00_SHIELD/01_ITI/09_C++_ES/msys64/mingw64/bin/../lib/gcc/x86_64-w64-mingw32/11.2.0/../../../../x86_64-w64-mingw32/lib/../lib/libmsvcrt.a(libmsvcrt_defs00099.o)
 .data          0x00000001400030b0        0x0 B:/00_SHIELD/01_ITI/09_C++_ES/msys64/mingw64/bin/../lib/gcc/x86_64-w64-mingw32/11.2.0/../../../../x86_64-w64-mingw32/lib/../lib/libmsvcrt.a(libmsvcrt_defs00116.o)
 .data          0x00000001400030b0        0x0 B:/00_SHIELD/01_ITI/09_C++_ES/msys64/mingw64/bin/../lib/gcc/x86_64-w64-mingw32/11.2.0/../../../../x86_64-w64-mingw32/lib/../lib/libmsvcrt.a(libmsvcrt_defs00123.o)
 .data          0x00000001400030b0        0x0 B:/00_SHIELD/01_ITI/09_C++_ES/msys64/mingw64/bin/../lib/gcc/x86_64-w64-mingw32/11.2.0/../../../../x86_64-w64-mingw32/lib/../lib/libmsvcrt.a(libmsvcrt_defs00141.o)
 .data          0x00000001400030b0        0x0 B:/00_SHIELD/01_ITI/09_C++_ES/msys64/mingw64/bin/../lib/gcc/x86_64-w64-mingw32/11.2.0/../../../../x86_64-w64-mingw32/lib/../lib/libmsvcrt.a(libmsvcrt_defs00157.o)
 .data          0x00000001400030b0        0x0 B:/00_SHIELD/01_ITI/09_C++_ES/msys64/mingw64/bin/../lib/gcc/x86_64-w64-mingw32/11.2.0/../../../../x86_64-w64-mingw32/lib/../lib/libmsvcrt.a(libmsvcrt_defs00254.o)
 .data          0x00000001400030b0        0x0 B:/00_SHIELD/01_ITI/09_C++_ES/msys64/mingw64/bin/../lib/gcc/x86_64-w64-mingw32/11.2.0/../../../../x86_64-w64-mingw32/lib/../lib/libmsvcrt.a(libmsvcrt_defs00332.o)
 .data          0x00000001400030b0        0x0 B:/00_SHIELD/01_ITI/09_C++_ES/msys64/mingw64/bin/../lib/gcc/x86_64-w64-mingw32/11.2.0/../../../../x86_64-w64-mingw32/lib/../lib/libmsvcrt.a(libmsvcrt_defs00614.o)
 .data          0x00000001400030b0        0x0 B:/00_SHIELD/01_ITI/09_C++_ES/msys64/mingw64/bin/../lib/gcc/x86_64-w64-mingw32/11.2.0/../../../../x86_64-w64-mingw32/lib/../lib/libmsvcrt.a(libmsvcrt_defs01038.o)
 .data          0x00000001400030b0        0x0 B:/00_SHIELD/01_ITI/09_C++_ES/msys64/mingw64/bin/../lib/gcc/x86_64-w64-mingw32/11.2.0/../../../../x86_64-w64-mingw32/lib/../lib/libmsvcrt.a(libmsvcrt_defs01056.o)
 .data          0x00000001400030b0        0x0 B:/00_SHIELD/01_ITI/09_C++_ES/msys64/mingw64/bin/../lib/gcc/x86_64-w64-mingw32/11.2.0/../../../../x86_64-w64-mingw32/lib/../lib/libmsvcrt.a(libmsvcrt_defs01069.o)
 .data          0x00000001400030b0        0x0 B:/00_SHIELD/01_ITI/09_C++_ES/msys64/mingw64/bin/../lib/gcc/x86_64-w64-mingw32/11.2.0/../../../../x86_64-w64-mingw32/lib/../lib/libmsvcrt.a(libmsvcrt_defs01090.o)
 .data          0x00000001400030b0        0x0 B:/00_SHIELD/01_ITI/09_C++_ES/msys64/mingw64/bin/../lib/gcc/x86_64-w64-mingw32/11.2.0/../../../../x86_64-w64-mingw32/lib/../lib/libmsvcrt.a(libmsvcrt_defs01097.o)
 .data          0x00000001400030b0        0x0 B:/00_SHIELD/01_ITI/09_C++_ES/msys64/mingw64/bin/../lib/gcc/x86_64-w64-mingw32/11.2.0/../../../../x86_64-w64-mingw32/lib/../lib/libmsvcrt.a(libmsvcrt_defs01110.o)
 .data          0x00000001400030b0        0x0 B:/00_SHIELD/01_ITI/09_C++_ES/msys64/mingw64/bin/../lib/gcc/x86_64-w64-mingw32/11.2.0/../../../../x86_64-w64-mingw32/lib/../lib/libmsvcrt.a(libmsvcrt_defs01158.o)
 .data          0x00000001400030b0        0x0 B:/00_SHIELD/01_ITI/09_C++_ES/msys64/mingw64/bin/../lib/gcc/x86_64-w64-mingw32/11.2.0/../../../../x86_64-w64-mingw32/lib/../lib/libmsvcrt.a(libmsvcrt_defs01166.o)
 .data          0x00000001400030b0        0x0 B:/00_SHIELD/01_ITI/09_C++_ES/msys64/mingw64/bin/../lib/gcc/x86_64-w64-mingw32/11.2.0/../../../../x86_64-w64-mingw32/lib/../lib/libmsvcrt.a(libmsvcrt_defs01198.o)
 .data          0x00000001400030b0        0x0 B:/00_SHIELD/01_ITI/09_C++_ES/msys64/mingw64/bin/../lib/gcc/x86_64-w64-mingw32/11.2.0/../../../../x86_64-w64-mingw32/lib/../lib/libmsvcrt.a(libmsvcrt_defs01221.o)
 .data          0x00000001400030b0        0x0 B:/00_SHIELD/01_ITI/09_C++_ES/msys64/mingw64/bin/../lib/gcc/x86_64-w64-mingw32/11.2.0/../../../../x86_64-w64-mingw32/lib/../lib/libmsvcrt.a(libmsvcrt_defs01224.o)
 .data          0x00000001400030b0        0x0 B:/00_SHIELD/01_ITI/09_C++_ES/msys64/mingw64/bin/../lib/gcc/x86_64-w64-mingw32/11.2.0/../../../../x86_64-w64-mingw32/lib/../lib/libmsvcrt.a(libmsvcrt_defs01259.o)
 .data          0x00000001400030b0        0x0 B:/00_SHIELD/01_ITI/09_C++_ES/msys64/mingw64/bin/../lib/gcc/x86_64-w64-mingw32/11.2.0/../../../../x86_64-w64-mingw32/lib/../lib/libmsvcrt.a(libmsvcrt_defh.o)
 .data          0x00000001400030b0        0x0 B:/00_SHIELD/01_ITI/09_C++_ES/msys64/mingw64/bin/../lib/gcc/x86_64-w64-mingw32/11.2.0/../../../../x86_64-w64-mingw32/lib/../lib/libmsvcrt.a(libmsvcrt_deft.o)
 .data          0x00000001400030b0        0x0 B:/00_SHIELD/01_ITI/09_C++_ES/msys64/mingw64/bin/../lib/gcc/x86_64-w64-mingw32/11.2.0/../../../../x86_64-w64-mingw32/lib/../lib/libkernel32.a(libkernel32s01493.o)
 .data          0x00000001400030b0        0x0 B:/00_SHIELD/01_ITI/09_C++_ES/msys64/mingw64/bin/../lib/gcc/x86_64-w64-mingw32/11.2.0/../../../../x86_64-w64-mingw32/lib/../lib/libkernel32.a(libkernel32s01491.o)
 .data          0x00000001400030b0        0x0 B:/00_SHIELD/01_ITI/09_C++_ES/msys64/mingw64/bin/../lib/gcc/x86_64-w64-mingw32/11.2.0/../../../../x86_64-w64-mingw32/lib/../lib/libkernel32.a(libkernel32s01444.o)
 .data          0x00000001400030b0        0x0 B:/00_SHIELD/01_ITI/09_C++_ES/msys64/mingw64/bin/../lib/gcc/x86_64-w64-mingw32/11.2.0/../../../../x86_64-w64-mingw32/lib/../lib/libkernel32.a(libkernel32s01409.o)
 .data          0x00000001400030b0        0x0 B:/00_SHIELD/01_ITI/09_C++_ES/msys64/mingw64/bin/../lib/gcc/x86_64-w64-mingw32/11.2.0/../../../../x86_64-w64-mingw32/lib/../lib/libkernel32.a(libkernel32s01393.o)
 .data          0x00000001400030b0        0x0 B:/00_SHIELD/01_ITI/09_C++_ES/msys64/mingw64/bin/../lib/gcc/x86_64-w64-mingw32/11.2.0/../../../../x86_64-w64-mingw32/lib/../lib/libkernel32.a(libkernel32s00983.o)
 .data          0x00000001400030b0        0x0 B:/00_SHIELD/01_ITI/09_C++_ES/msys64/mingw64/bin/../lib/gcc/x86_64-w64-mingw32/11.2.0/../../../../x86_64-w64-mingw32/lib/../lib/libkernel32.a(libkernel32s00891.o)
 .data          0x00000001400030b0        0x0 B:/00_SHIELD/01_ITI/09_C++_ES/msys64/mingw64/bin/../lib/gcc/x86_64-w64-mingw32/11.2.0/../../../../x86_64-w64-mingw32/lib/../lib/libkernel32.a(libkernel32s00742.o)
 .data          0x00000001400030b0        0x0 B:/00_SHIELD/01_ITI/09_C++_ES/msys64/mingw64/bin/../lib/gcc/x86_64-w64-mingw32/11.2.0/../../../../x86_64-w64-mingw32/lib/../lib/libkernel32.a(libkernel32s00629.o)
 .data          0x00000001400030b0        0x0 B:/00_SHIELD/01_ITI/09_C++_ES/msys64/mingw64/bin/../lib/gcc/x86_64-w64-mingw32/11.2.0/../../../../x86_64-w64-mingw32/lib/../lib/libkernel32.a(libkernel32s00318.o)
 .data          0x00000001400030b0        0x0 B:/00_SHIELD/01_ITI/09_C++_ES/msys64/mingw64/bin/../lib/gcc/x86_64-w64-mingw32/11.2.0/../../../../x86_64-w64-mingw32/lib/../lib/libkernel32.a(libkernel32s00282.o)
 .data          0x00000001400030b0        0x0 B:/00_SHIELD/01_ITI/09_C++_ES/msys64/mingw64/bin/../lib/gcc/x86_64-w64-mingw32/11.2.0/../../../../x86_64-w64-mingw32/lib/../lib/libkernel32.a(libkernel32h.o)
 .data          0x00000001400030b0        0x0 B:/00_SHIELD/01_ITI/09_C++_ES/msys64/mingw64/bin/../lib/gcc/x86_64-w64-mingw32/11.2.0/../../../../x86_64-w64-mingw32/lib/../lib/libkernel32.a(libkernel32t.o)
 .data          0x00000001400030b0        0x0 B:/00_SHIELD/01_ITI/09_C++_ES/msys64/mingw64/bin/../lib/gcc/x86_64-w64-mingw32/11.2.0/crtend.o
 *(.data2)
 *(SORT_BY_NAME(.data$*))
 *(.jcr)
                0x00000001400030b0                __data_end__ = .
 *(.data_cygwin_nocopy)

.rdata          0x0000000140004000      0xc00
 *(.rdata)
 .rdata         0x0000000140004000       0x60 B:/00_SHIELD/01_ITI/09_C++_ES/msys64/mingw64/bin/../lib/gcc/x86_64-w64-mingw32/11.2.0/../../../../x86_64-w64-mingw32/lib/../lib/libmingw32.a(lib64_libmingw32_a-tlssup.o)
                0x0000000140004000                __dyn_tls_init_callback
                0x0000000140004020                _tls_used
 .rdata         0x0000000140004060      0x140 B:/00_SHIELD/01_ITI/09_C++_ES/msys64/mingw64/bin/../lib/gcc/x86_64-w64-mingw32/11.2.0/../../../../x86_64-w64-mingw32/lib/../lib/libmingw32.a(lib64_libmingw32_a-merr.o)
 .rdata         0x00000001400041a0      0x160 B:/00_SHIELD/01_ITI/09_C++_ES/msys64/mingw64/bin/../lib/gcc/x86_64-w64-mingw32/11.2.0/../../../../x86_64-w64-mingw32/lib/../lib/libmingw32.a(lib64_libmingw32_a-pseudo-reloc.o)
 .rdata         0x0000000140004300       0x30 B:/00_SHIELD/01_ITI/09_C++_ES/msys64/mingw64/bin/../lib/gcc/x86_64-w64-mingw32/11.2.0/../../../../x86_64-w64-mingw32/lib/../lib/libmingw32.a(lib64_libmingw32_a-crt_handler.o)
 .rdata         0x0000000140004330        0x8 ertr000001.o
 *(SORT_BY_NAME(.rdata$*))
 *fill*         0x0000000140004338        0x8 
 .rdata$.refptr._CRT_MT
                0x0000000140004340       0x10 B:/00_SHIELD/01_ITI/09_C++_ES/msys64/mingw64/bin/../lib/gcc/x86_64-w64-mingw32/11.2.0/../../../../x86_64-w64-mingw32/lib/../lib/libmingw32.a(lib64_libmingw32_a-tlssup.o)
                0x0000000140004340                .refptr._CRT_MT
 .rdata$.refptr._MINGW_INSTALL_DEBUG_MATHERR
                0x0000000140004350       0x10 B:/00_SHIELD/01_ITI/09_C++_ES/msys64/mingw64/bin/../lib/gcc/x86_64-w64-mingw32/11.2.0/../../../../x86_64-w64-mingw32/lib/../lib/crt2.o
                0x0000000140004350                .refptr._MINGW_INSTALL_DEBUG_MATHERR
 .rdata$.refptr._ZSt4cout
                0x0000000140004360       0x10 C:\Users\mmich\AppData\Local\Temp\ccjVijYI.o
                0x0000000140004360                __fu0__ZSt4cout
                0x0000000140004360                .refptr._ZSt4cout
 .rdata$.refptr._ZSt4endlIcSt11char_traitsIcEERSt13basic_ostreamIT_T0_ES6_
                0x0000000140004370       0x10 C:\Users\mmich\AppData\Local\Temp\ccjVijYI.o
                0x0000000140004370                .refptr._ZSt4endlIcSt11char_traitsIcEERSt13basic_ostreamIT_T0_ES6_
 .rdata$.refptr.__CTOR_LIST__
                0x0000000140004380       0x10 B:/00_SHIELD/01_ITI/09_C++_ES/msys64/mingw64/bin/../lib/gcc/x86_64-w64-mingw32/11.2.0/../../../../x86_64-w64-mingw32/lib/../lib/libmingw32.a(lib64_libmingw32_a-gccmain.o)
                0x0000000140004380                .refptr.__CTOR_LIST__
 .rdata$.refptr.__RUNTIME_PSEUDO_RELOC_LIST_END__
                0x0000000140004390       0x10 B:/00_SHIELD/01_ITI/09_C++_ES/msys64/mingw64/bin/../lib/gcc/x86_64-w64-mingw32/11.2.0/../../../../x86_64-w64-mingw32/lib/../lib/libmingw32.a(lib64_libmingw32_a-pseudo-reloc.o)
                0x0000000140004390                .refptr.__RUNTIME_PSEUDO_RELOC_LIST_END__
 .rdata$.refptr.__RUNTIME_PSEUDO_RELOC_LIST__
                0x00000001400043a0       0x10 B:/00_SHIELD/01_ITI/09_C++_ES/msys64/mingw64/bin/../lib/gcc/x86_64-w64-mingw32/11.2.0/../../../../x86_64-w64-mingw32/lib/../lib/libmingw32.a(lib64_libmingw32_a-pseudo-reloc.o)
                0x00000001400043a0                .refptr.__RUNTIME_PSEUDO_RELOC_LIST__
 .rdata$.refptr.__dyn_tls_init_callback
                0x00000001400043b0       0x10 B:/00_SHIELD/01_ITI/09_C++_ES/msys64/mingw64/bin/../lib/gcc/x86_64-w64-mingw32/11.2.0/../../../../x86_64-w64-mingw32/lib/../lib/crt2.o
                0x00000001400043b0                .refptr.__dyn_tls_init_callback
 .rdata$.refptr.__image_base__
                0x00000001400043c0       0x10 B:/00_SHIELD/01_ITI/09_C++_ES/msys64/mingw64/bin/../lib/gcc/x86_64-w64-mingw32/11.2.0/../../../../x86_64-w64-mingw32/lib/../lib/crt2.o
                0x00000001400043c0                .refptr.__image_base__
 .rdata$.refptr.__imp___initenv
                0x00000001400043d0       0x10 B:/00_SHIELD/01_ITI/09_C++_ES/msys64/mingw64/bin/../lib/gcc/x86_64-w64-mingw32/11.2.0/../../../../x86_64-w64-mingw32/lib/../lib/crt2.o
                0x00000001400043d0                .refptr.__imp___initenv
 .rdata$.refptr.__imp__acmdln
                0x00000001400043e0       0x10 B:/00_SHIELD/01_ITI/09_C++_ES/msys64/mingw64/bin/../lib/gcc/x86_64-w64-mingw32/11.2.0/../../../../x86_64-w64-mingw32/lib/../lib/libmsvcrt.a(lib64_libmsvcrt_extra_a-__p__acmdln.o)
                0x00000001400043e0                .refptr.__imp__acmdln
 .rdata$.refptr.__imp__commode
                0x00000001400043f0       0x10 B:/00_SHIELD/01_ITI/09_C++_ES/msys64/mingw64/bin/../lib/gcc/x86_64-w64-mingw32/11.2.0/../../../../x86_64-w64-mingw32/lib/../lib/libmsvcrt.a(lib64_libmsvcrt_extra_a-__p__commode.o)
                0x00000001400043f0                .refptr.__imp__commode
 .rdata$.refptr.__imp__fmode
                0x0000000140004400       0x10 B:/00_SHIELD/01_ITI/09_C++_ES/msys64/mingw64/bin/../lib/gcc/x86_64-w64-mingw32/11.2.0/../../../../x86_64-w64-mingw32/lib/../lib/libmsvcrt.a(lib64_libmsvcrt_extra_a-__p__fmode.o)
                0x0000000140004400                .refptr.__imp__fmode
 .rdata$.refptr.__mingw_app_type
                0x0000000140004410       0x10 B:/00_SHIELD/01_ITI/09_C++_ES/msys64/mingw64/bin/../lib/gcc/x86_64-w64-mingw32/11.2.0/../../../../x86_64-w64-mingw32/lib/../lib/crt2.o
                0x0000000140004410                .refptr.__mingw_app_type
 .rdata$.refptr.__mingw_initltsdrot_force
                0x0000000140004420       0x10 B:/00_SHIELD/01_ITI/09_C++_ES/msys64/mingw64/bin/../lib/gcc/x86_64-w64-mingw32/11.2.0/../../../../x86_64-w64-mingw32/lib/../lib/crt2.o
                0x0000000140004420                .refptr.__mingw_initltsdrot_force
 .rdata$.refptr.__mingw_initltsdyn_force
                0x0000000140004430       0x10 B:/00_SHIELD/01_ITI/09_C++_ES/msys64/mingw64/bin/../lib/gcc/x86_64-w64-mingw32/11.2.0/../../../../x86_64-w64-mingw32/lib/../lib/crt2.o
                0x0000000140004430                .refptr.__mingw_initltsdyn_force
 .rdata$.refptr.__mingw_initltssuo_force
                0x0000000140004440       0x10 B:/00_SHIELD/01_ITI/09_C++_ES/msys64/mingw64/bin/../lib/gcc/x86_64-w64-mingw32/11.2.0/../../../../x86_64-w64-mingw32/lib/../lib/crt2.o
                0x0000000140004440                .refptr.__mingw_initltssuo_force
 .rdata$.refptr.__mingw_oldexcpt_handler
                0x0000000140004450       0x10 B:/00_SHIELD/01_ITI/09_C++_ES/msys64/mingw64/bin/../lib/gcc/x86_64-w64-mingw32/11.2.0/../../../../x86_64-w64-mingw32/lib/../lib/crt2.o
                0x0000000140004450                .refptr.__mingw_oldexcpt_handler
 .rdata$.refptr.__native_startup_lock
                0x0000000140004460       0x10 B:/00_SHIELD/01_ITI/09_C++_ES/msys64/mingw64/bin/../lib/gcc/x86_64-w64-mingw32/11.2.0/../../../../x86_64-w64-mingw32/lib/../lib/crt2.o
                0x0000000140004460                .refptr.__native_startup_lock
 .rdata$.refptr.__native_startup_state
                0x0000000140004470       0x10 B:/00_SHIELD/01_ITI/09_C++_ES/msys64/mingw64/bin/../lib/gcc/x86_64-w64-mingw32/11.2.0/../../../../x86_64-w64-mingw32/lib/../lib/crt2.o
                0x0000000140004470                .refptr.__native_startup_state
 .rdata$.refptr.__xc_a
                0x0000000140004480       0x10 B:/00_SHIELD/01_ITI/09_C++_ES/msys64/mingw64/bin/../lib/gcc/x86_64-w64-mingw32/11.2.0/../../../../x86_64-w64-mingw32/lib/../lib/crt2.o
                0x0000000140004480                .refptr.__xc_a
 .rdata$.refptr.__xc_z
                0x0000000140004490       0x10 B:/00_SHIELD/01_ITI/09_C++_ES/msys64/mingw64/bin/../lib/gcc/x86_64-w64-mingw32/11.2.0/../../../../x86_64-w64-mingw32/lib/../lib/crt2.o
                0x0000000140004490                .refptr.__xc_z
 .rdata$.refptr.__xi_a
                0x00000001400044a0       0x10 B:/00_SHIELD/01_ITI/09_C++_ES/msys64/mingw64/bin/../lib/gcc/x86_64-w64-mingw32/11.2.0/../../../../x86_64-w64-mingw32/lib/../lib/crt2.o
                0x00000001400044a0                .refptr.__xi_a
 .rdata$.refptr.__xi_z
                0x00000001400044b0       0x10 B:/00_SHIELD/01_ITI/09_C++_ES/msys64/mingw64/bin/../lib/gcc/x86_64-w64-mingw32/11.2.0/../../../../x86_64-w64-mingw32/lib/../lib/crt2.o
                0x00000001400044b0                .refptr.__xi_z
 .rdata$.refptr._commode
                0x00000001400044c0       0x10 B:/00_SHIELD/01_ITI/09_C++_ES/msys64/mingw64/bin/../lib/gcc/x86_64-w64-mingw32/11.2.0/../../../../x86_64-w64-mingw32/lib/../lib/crt2.o
                0x00000001400044c0                .refptr._commode
 .rdata$.refptr._dowildcard
                0x00000001400044d0       0x10 B:/00_SHIELD/01_ITI/09_C++_ES/msys64/mingw64/bin/../lib/gcc/x86_64-w64-mingw32/11.2.0/../../../../x86_64-w64-mingw32/lib/../lib/crt2.o
                0x00000001400044d0                .refptr._dowildcard
 .rdata$.refptr._fmode
                0x00000001400044e0       0x10 B:/00_SHIELD/01_ITI/09_C++_ES/msys64/mingw64/bin/../lib/gcc/x86_64-w64-mingw32/11.2.0/../../../../x86_64-w64-mingw32/lib/../lib/crt2.o
                0x00000001400044e0                .refptr._fmode
 .rdata$.refptr._gnu_exception_handler
                0x00000001400044f0       0x10 B:/00_SHIELD/01_ITI/09_C++_ES/msys64/mingw64/bin/../lib/gcc/x86_64-w64-mingw32/11.2.0/../../../../x86_64-w64-mingw32/lib/../lib/crt2.o
                0x00000001400044f0                .refptr._gnu_exception_handler
 .rdata$.refptr._matherr
                0x0000000140004500       0x10 B:/00_SHIELD/01_ITI/09_C++_ES/msys64/mingw64/bin/../lib/gcc/x86_64-w64-mingw32/11.2.0/../../../../x86_64-w64-mingw32/lib/../lib/crt2.o
                0x0000000140004500                .refptr._matherr
 .rdata$.refptr._newmode
                0x0000000140004510       0x10 B:/00_SHIELD/01_ITI/09_C++_ES/msys64/mingw64/bin/../lib/gcc/x86_64-w64-mingw32/11.2.0/../../../../x86_64-w64-mingw32/lib/../lib/crt2.o
                0x0000000140004510                .refptr._newmode
 .rdata$zzz     0x0000000140004520       0x30 B:/00_SHIELD/01_ITI/09_C++_ES/msys64/mingw64/bin/../lib/gcc/x86_64-w64-mingw32/11.2.0/../../../../x86_64-w64-mingw32/lib/../lib/crt2.o
 .rdata$zzz     0x0000000140004550       0x30 B:/00_SHIELD/01_ITI/09_C++_ES/msys64/mingw64/bin/../lib/gcc/x86_64-w64-mingw32/11.2.0/crtbegin.o
 .rdata$zzz     0x0000000140004580       0x30 C:\Users\mmich\AppData\Local\Temp\ccjVijYI.o
 .rdata$zzz     0x00000001400045b0       0x30 B:/00_SHIELD/01_ITI/09_C++_ES/msys64/mingw64/bin/../lib/gcc/x86_64-w64-mingw32/11.2.0/../../../../x86_64-w64-mingw32/lib/../lib/libmingw32.a(lib64_libmingw32_a-gccmain.o)
 .rdata$zzz     0x00000001400045e0       0x30 B:/00_SHIELD/01_ITI/09_C++_ES/msys64/mingw64/bin/../lib/gcc/x86_64-w64-mingw32/11.2.0/../../../../x86_64-w64-mingw32/lib/../lib/libmingw32.a(lib64_libmingw32_a-natstart.o)
 .rdata$zzz     0x0000000140004610       0x30 B:/00_SHIELD/01_ITI/09_C++_ES/msys64/mingw64/bin/../lib/gcc/x86_64-w64-mingw32/11.2.0/../../../../x86_64-w64-mingw32/lib/../lib/libmingw32.a(lib64_libmingw32_a-wildcard.o)
 .rdata$zzz     0x0000000140004640       0x30 B:/00_SHIELD/01_ITI/09_C++_ES/msys64/mingw64/bin/../lib/gcc/x86_64-w64-mingw32/11.2.0/../../../../x86_64-w64-mingw32/lib/../lib/libmingw32.a(lib64_libmingw32_a-dllargv.o)
 .rdata$zzz     0x0000000140004670       0x30 B:/00_SHIELD/01_ITI/09_C++_ES/msys64/mingw64/bin/../lib/gcc/x86_64-w64-mingw32/11.2.0/../../../../x86_64-w64-mingw32/lib/../lib/libmingw32.a(lib64_libmingw32_a-_newmode.o)
 .rdata$zzz     0x00000001400046a0       0x30 B:/00_SHIELD/01_ITI/09_C++_ES/msys64/mingw64/bin/../lib/gcc/x86_64-w64-mingw32/11.2.0/../../../../x86_64-w64-mingw32/lib/../lib/libmingw32.a(lib64_libmingw32_a-tlssup.o)
 .rdata$zzz     0x00000001400046d0       0x30 B:/00_SHIELD/01_ITI/09_C++_ES/msys64/mingw64/bin/../lib/gcc/x86_64-w64-mingw32/11.2.0/../../../../x86_64-w64-mingw32/lib/../lib/libmingw32.a(lib64_libmingw32_a-xncommod.o)
 .rdata$zzz     0x0000000140004700       0x30 B:/00_SHIELD/01_ITI/09_C++_ES/msys64/mingw64/bin/../lib/gcc/x86_64-w64-mingw32/11.2.0/../../../../x86_64-w64-mingw32/lib/../lib/libmingw32.a(lib64_libmingw32_a-cinitexe.o)
 .rdata$zzz     0x0000000140004730       0x30 B:/00_SHIELD/01_ITI/09_C++_ES/msys64/mingw64/bin/../lib/gcc/x86_64-w64-mingw32/11.2.0/../../../../x86_64-w64-mingw32/lib/../lib/libmingw32.a(lib64_libmingw32_a-merr.o)
 .rdata$zzz     0x0000000140004760       0x30 B:/00_SHIELD/01_ITI/09_C++_ES/msys64/mingw64/bin/../lib/gcc/x86_64-w64-mingw32/11.2.0/../../../../x86_64-w64-mingw32/lib/../lib/libmingw32.a(lib64_libmingw32_a-CRT_fp10.o)
 .rdata$zzz     0x0000000140004790       0x30 B:/00_SHIELD/01_ITI/09_C++_ES/msys64/mingw64/bin/../lib/gcc/x86_64-w64-mingw32/11.2.0/../../../../x86_64-w64-mingw32/lib/../lib/libmingw32.a(lib64_libmingw32_a-mingw_helpers.o)
 .rdata$zzz     0x00000001400047c0       0x30 B:/00_SHIELD/01_ITI/09_C++_ES/msys64/mingw64/bin/../lib/gcc/x86_64-w64-mingw32/11.2.0/../../../../x86_64-w64-mingw32/lib/../lib/libmingw32.a(lib64_libmingw32_a-pseudo-reloc.o)
 .rdata$zzz     0x00000001400047f0       0x30 B:/00_SHIELD/01_ITI/09_C++_ES/msys64/mingw64/bin/../lib/gcc/x86_64-w64-mingw32/11.2.0/../../../../x86_64-w64-mingw32/lib/../lib/libmingw32.a(lib64_libmingw32_a-usermatherr.o)
 .rdata$zzz     0x0000000140004820       0x30 B:/00_SHIELD/01_ITI/09_C++_ES/msys64/mingw64/bin/../lib/gcc/x86_64-w64-mingw32/11.2.0/../../../../x86_64-w64-mingw32/lib/../lib/libmingw32.a(lib64_libmingw32_a-xtxtmode.o)
 .rdata$zzz     0x0000000140004850       0x30 B:/00_SHIELD/01_ITI/09_C++_ES/msys64/mingw64/bin/../lib/gcc/x86_64-w64-mingw32/11.2.0/../../../../x86_64-w64-mingw32/lib/../lib/libmingw32.a(lib64_libmingw32_a-crt_handler.o)
 .rdata$zzz     0x0000000140004880       0x30 B:/00_SHIELD/01_ITI/09_C++_ES/msys64/mingw64/bin/../lib/gcc/x86_64-w64-mingw32/11.2.0/../../../../x86_64-w64-mingw32/lib/../lib/libmingw32.a(lib64_libmingw32_a-tlsthrd.o)
 .rdata$zzz     0x00000001400048b0       0x30 B:/00_SHIELD/01_ITI/09_C++_ES/msys64/mingw64/bin/../lib/gcc/x86_64-w64-mingw32/11.2.0/../../../../x86_64-w64-mingw32/lib/../lib/libmingw32.a(lib64_libmingw32_a-tlsmcrt.o)
 .rdata$zzz     0x00000001400048e0       0x30 B:/00_SHIELD/01_ITI/09_C++_ES/msys64/mingw64/bin/../lib/gcc/x86_64-w64-mingw32/11.2.0/../../../../x86_64-w64-mingw32/lib/../lib/libmingw32.a(lib64_libmingw32_a-pseudo-reloc-list.o)
 .rdata$zzz     0x0000000140004910       0x30 B:/00_SHIELD/01_ITI/09_C++_ES/msys64/mingw64/bin/../lib/gcc/x86_64-w64-mingw32/11.2.0/../../../../x86_64-w64-mingw32/lib/../lib/libmingw32.a(lib64_libmingw32_a-pesect.o)
 .rdata$zzz     0x0000000140004940       0x30 B:/00_SHIELD/01_ITI/09_C++_ES/msys64/mingw64/bin/../lib/gcc/x86_64-w64-mingw32/11.2.0/libgcc.a(_ctors.o)
 .rdata$zzz     0x0000000140004970       0x30 B:/00_SHIELD/01_ITI/09_C++_ES/msys64/mingw64/bin/../lib/gcc/x86_64-w64-mingw32/11.2.0/../../../../x86_64-w64-mingw32/lib/../lib/libmingwex.a(lib64_libmingwex_a-mingw_matherr.o)
 .rdata$zzz     0x00000001400049a0       0x30 B:/00_SHIELD/01_ITI/09_C++_ES/msys64/mingw64/bin/../lib/gcc/x86_64-w64-mingw32/11.2.0/../../../../x86_64-w64-mingw32/lib/../lib/libmsvcrt.a(lib64_libmsvcrt_extra_a-__p__fmode.o)
 .rdata$zzz     0x00000001400049d0       0x30 B:/00_SHIELD/01_ITI/09_C++_ES/msys64/mingw64/bin/../lib/gcc/x86_64-w64-mingw32/11.2.0/../../../../x86_64-w64-mingw32/lib/../lib/libmsvcrt.a(lib64_libmsvcrt_extra_a-__p__commode.o)
 .rdata$zzz     0x0000000140004a00       0x30 B:/00_SHIELD/01_ITI/09_C++_ES/msys64/mingw64/bin/../lib/gcc/x86_64-w64-mingw32/11.2.0/../../../../x86_64-w64-mingw32/lib/../lib/libmsvcrt.a(lib64_libmsvcrt_extra_a-__p__acmdln.o)
 .rdata$zzz     0x0000000140004a30       0x30 B:/00_SHIELD/01_ITI/09_C++_ES/msys64/mingw64/bin/../lib/gcc/x86_64-w64-mingw32/11.2.0/../../../../x86_64-w64-mingw32/lib/../lib/libmsvcrt.a(lib64_libmsvcrt_extra_a-invalid_parameter_handler.o)
 .rdata$zzz     0x0000000140004a60       0x30 B:/00_SHIELD/01_ITI/09_C++_ES/msys64/mingw64/bin/../lib/gcc/x86_64-w64-mingw32/11.2.0/../../../../x86_64-w64-mingw32/lib/../lib/libmsvcrt.a(lib64_libmsvcrt_common_a-acrt_iob_func.o)
 .rdata$zzz     0x0000000140004a90       0x30 B:/00_SHIELD/01_ITI/09_C++_ES/msys64/mingw64/bin/../lib/gcc/x86_64-w64-mingw32/11.2.0/crtend.o
                0x0000000140004ac0                . = ALIGN (0x4)
                0x0000000140004ac0                __rt_psrelocs_start = .
 *(.rdata_runtime_pseudo_reloc)
 .rdata_runtime_pseudo_reloc
                0x0000000140004ac0       0x18 rtr000000.o
                0x0000000140004ad8                __rt_psrelocs_end = .
                0x0000000000000018                __rt_psrelocs_size = (__rt_psrelocs_end - __rt_psrelocs_start)
                0x0000000140004ad8                ___RUNTIME_PSEUDO_RELOC_LIST_END__ = .
                0x0000000140004ad8                __RUNTIME_PSEUDO_RELOC_LIST_END__ = .
                0x0000000140004ac0                ___RUNTIME_PSEUDO_RELOC_LIST__ = (. - __rt_psrelocs_size)
                0x0000000140004ac0                __RUNTIME_PSEUDO_RELOC_LIST__ = (. - __rt_psrelocs_size)

.eh_frame
 *(.eh_frame*)

.pdata          0x0000000140005000      0x400
 *(.pdata*)
 .pdata         0x0000000140005000       0x54 B:/00_SHIELD/01_ITI/09_C++_ES/msys64/mingw64/bin/../lib/gcc/x86_64-w64-mingw32/11.2.0/../../../../x86_64-w64-mingw32/lib/../lib/crt2.o
 .pdata         0x0000000140005054       0x18 B:/00_SHIELD/01_ITI/09_C++_ES/msys64/mingw64/bin/../lib/gcc/x86_64-w64-mingw32/11.2.0/crtbegin.o
 .pdata         0x000000014000506c       0x30 C:\Users\mmich\AppData\Local\Temp\ccjVijYI.o
 .pdata$_Z5PrintIiJiiiiEEvT_DpT0_
                0x000000014000509c        0xc C:\Users\mmich\AppData\Local\Temp\ccjVijYI.o
 .pdata$_Z5PrintIiJiiiEEvT_DpT0_
                0x00000001400050a8        0xc C:\Users\mmich\AppData\Local\Temp\ccjVijYI.o
 .pdata$_Z5PrintIiJiiEEvT_DpT0_
                0x00000001400050b4        0xc C:\Users\mmich\AppData\Local\Temp\ccjVijYI.o
 .pdata$_Z5PrintIiJiEEvT_DpT0_
                0x00000001400050c0        0xc C:\Users\mmich\AppData\Local\Temp\ccjVijYI.o
 .pdata$_Z5PrintIiJEEvT_DpT0_
                0x00000001400050cc        0xc C:\Users\mmich\AppData\Local\Temp\ccjVijYI.o
 .pdata         0x00000001400050d8       0x24 B:/00_SHIELD/01_ITI/09_C++_ES/msys64/mingw64/bin/../lib/gcc/x86_64-w64-mingw32/11.2.0/../../../../x86_64-w64-mingw32/lib/../lib/libmingw32.a(lib64_libmingw32_a-gccmain.o)
 .pdata         0x00000001400050fc        0xc B:/00_SHIELD/01_ITI/09_C++_ES/msys64/mingw64/bin/../lib/gcc/x86_64-w64-mingw32/11.2.0/../../../../x86_64-w64-mingw32/lib/../lib/libmingw32.a(lib64_libmingw32_a-dllargv.o)
 .pdata         0x0000000140005108       0x24 B:/00_SHIELD/01_ITI/09_C++_ES/msys64/mingw64/bin/../lib/gcc/x86_64-w64-mingw32/11.2.0/../../../../x86_64-w64-mingw32/lib/../lib/libmingw32.a(lib64_libmingw32_a-tlssup.o)
 .pdata         0x000000014000512c        0xc B:/00_SHIELD/01_ITI/09_C++_ES/msys64/mingw64/bin/../lib/gcc/x86_64-w64-mingw32/11.2.0/../../../../x86_64-w64-mingw32/lib/../lib/libmingw32.a(lib64_libmingw32_a-merr.o)
 .pdata         0x0000000140005138        0xc B:/00_SHIELD/01_ITI/09_C++_ES/msys64/mingw64/bin/../lib/gcc/x86_64-w64-mingw32/11.2.0/../../../../x86_64-w64-mingw32/lib/../lib/libmingw32.a(lib64_libmingw32_a-CRT_fp10.o)
 .pdata         0x0000000140005144       0x24 B:/00_SHIELD/01_ITI/09_C++_ES/msys64/mingw64/bin/../lib/gcc/x86_64-w64-mingw32/11.2.0/../../../../x86_64-w64-mingw32/lib/../lib/libmingw32.a(lib64_libmingw32_a-pseudo-reloc.o)
 .pdata         0x0000000140005168       0x18 B:/00_SHIELD/01_ITI/09_C++_ES/msys64/mingw64/bin/../lib/gcc/x86_64-w64-mingw32/11.2.0/../../../../x86_64-w64-mingw32/lib/../lib/libmingw32.a(lib64_libmingw32_a-usermatherr.o)
 .pdata         0x0000000140005180        0xc B:/00_SHIELD/01_ITI/09_C++_ES/msys64/mingw64/bin/../lib/gcc/x86_64-w64-mingw32/11.2.0/../../../../x86_64-w64-mingw32/lib/../lib/libmingw32.a(lib64_libmingw32_a-crt_handler.o)
 .pdata         0x000000014000518c       0x30 B:/00_SHIELD/01_ITI/09_C++_ES/msys64/mingw64/bin/../lib/gcc/x86_64-w64-mingw32/11.2.0/../../../../x86_64-w64-mingw32/lib/../lib/libmingw32.a(lib64_libmingw32_a-tlsthrd.o)
 .pdata         0x00000001400051bc       0x6c B:/00_SHIELD/01_ITI/09_C++_ES/msys64/mingw64/bin/../lib/gcc/x86_64-w64-mingw32/11.2.0/../../../../x86_64-w64-mingw32/lib/../lib/libmingw32.a(lib64_libmingw32_a-pesect.o)
 .pdata         0x0000000140005228        0xc B:/00_SHIELD/01_ITI/09_C++_ES/msys64/mingw64/bin/../lib/gcc/x86_64-w64-mingw32/11.2.0/../../../../x86_64-w64-mingw32/lib/../lib/libmsvcrt.a(lib64_libmsvcrt_extra_a-__p__fmode.o)
 .pdata         0x0000000140005234        0xc B:/00_SHIELD/01_ITI/09_C++_ES/msys64/mingw64/bin/../lib/gcc/x86_64-w64-mingw32/11.2.0/../../../../x86_64-w64-mingw32/lib/../lib/libmsvcrt.a(lib64_libmsvcrt_extra_a-__p__commode.o)
 .pdata         0x0000000140005240        0xc B:/00_SHIELD/01_ITI/09_C++_ES/msys64/mingw64/bin/../lib/gcc/x86_64-w64-mingw32/11.2.0/../../../../x86_64-w64-mingw32/lib/../lib/libmsvcrt.a(lib64_libmsvcrt_extra_a-__p__acmdln.o)
 .pdata         0x000000014000524c       0x18 B:/00_SHIELD/01_ITI/09_C++_ES/msys64/mingw64/bin/../lib/gcc/x86_64-w64-mingw32/11.2.0/../../../../x86_64-w64-mingw32/lib/../lib/libmsvcrt.a(lib64_libmsvcrt_extra_a-invalid_parameter_handler.o)
 .pdata         0x0000000140005264        0xc B:/00_SHIELD/01_ITI/09_C++_ES/msys64/mingw64/bin/../lib/gcc/x86_64-w64-mingw32/11.2.0/../../../../x86_64-w64-mingw32/lib/../lib/libmsvcrt.a(lib64_libmsvcrt_common_a-acrt_iob_func.o)
 .pdata.startup
                0x0000000140005270        0xc B:/00_SHIELD/01_ITI/09_C++_ES/msys64/mingw64/bin/../lib/gcc/x86_64-w64-mingw32/11.2.0/crtend.o

.xdata          0x0000000140006000      0x200
 *(.xdata*)
 .xdata         0x0000000140006000       0x70 B:/00_SHIELD/01_ITI/09_C++_ES/msys64/mingw64/bin/../lib/gcc/x86_64-w64-mingw32/11.2.0/../../../../x86_64-w64-mingw32/lib/../lib/crt2.o
 .xdata         0x0000000140006070        0x8 B:/00_SHIELD/01_ITI/09_C++_ES/msys64/mingw64/bin/../lib/gcc/x86_64-w64-mingw32/11.2.0/crtbegin.o
 .xdata         0x0000000140006078       0x30 C:\Users\mmich\AppData\Local\Temp\ccjVijYI.o
 .xdata$_Z5PrintIiJiiiiEEvT_DpT0_
                0x00000001400060a8        0xc C:\Users\mmich\AppData\Local\Temp\ccjVijYI.o
 .xdata$_Z5PrintIiJiiiEEvT_DpT0_
                0x00000001400060b4        0xc C:\Users\mmich\AppData\Local\Temp\ccjVijYI.o
 .xdata$_Z5PrintIiJiiEEvT_DpT0_
                0x00000001400060c0        0xc C:\Users\mmich\AppData\Local\Temp\ccjVijYI.o
 .xdata$_Z5PrintIiJiEEvT_DpT0_
                0x00000001400060cc        0xc C:\Users\mmich\AppData\Local\Temp\ccjVijYI.o
 .xdata$_Z5PrintIiJEEvT_DpT0_
                0x00000001400060d8        0xc C:\Users\mmich\AppData\Local\Temp\ccjVijYI.o
 .xdata         0x00000001400060e4       0x18 B:/00_SHIELD/01_ITI/09_C++_ES/msys64/mingw64/bin/../lib/gcc/x86_64-w64-mingw32/11.2.0/../../../../x86_64-w64-mingw32/lib/../lib/libmingw32.a(lib64_libmingw32_a-gccmain.o)
 .xdata         0x00000001400060fc        0x4 B:/00_SHIELD/01_ITI/09_C++_ES/msys64/mingw64/bin/../lib/gcc/x86_64-w64-mingw32/11.2.0/../../../../x86_64-w64-mingw32/lib/../lib/libmingw32.a(lib64_libmingw32_a-dllargv.o)
 .xdata         0x0000000140006100       0x18 B:/00_SHIELD/01_ITI/09_C++_ES/msys64/mingw64/bin/../lib/gcc/x86_64-w64-mingw32/11.2.0/../../../../x86_64-w64-mingw32/lib/../lib/libmingw32.a(lib64_libmingw32_a-tlssup.o)
 .xdata         0x0000000140006118       0x18 B:/00_SHIELD/01_ITI/09_C++_ES/msys64/mingw64/bin/../lib/gcc/x86_64-w64-mingw32/11.2.0/../../../../x86_64-w64-mingw32/lib/../lib/libmingw32.a(lib64_libmingw32_a-merr.o)
 .xdata         0x0000000140006130        0x4 B:/00_SHIELD/01_ITI/09_C++_ES/msys64/mingw64/bin/../lib/gcc/x86_64-w64-mingw32/11.2.0/../../../../x86_64-w64-mingw32/lib/../lib/libmingw32.a(lib64_libmingw32_a-CRT_fp10.o)
 .xdata         0x0000000140006134       0x30 B:/00_SHIELD/01_ITI/09_C++_ES/msys64/mingw64/bin/../lib/gcc/x86_64-w64-mingw32/11.2.0/../../../../x86_64-w64-mingw32/lib/../lib/libmingw32.a(lib64_libmingw32_a-pseudo-reloc.o)
 .xdata         0x0000000140006164        0xc B:/00_SHIELD/01_ITI/09_C++_ES/msys64/mingw64/bin/../lib/gcc/x86_64-w64-mingw32/11.2.0/../../../../x86_64-w64-mingw32/lib/../lib/libmingw32.a(lib64_libmingw32_a-usermatherr.o)
 .xdata         0x0000000140006170        0x8 B:/00_SHIELD/01_ITI/09_C++_ES/msys64/mingw64/bin/../lib/gcc/x86_64-w64-mingw32/11.2.0/../../../../x86_64-w64-mingw32/lib/../lib/libmingw32.a(lib64_libmingw32_a-crt_handler.o)
 .xdata         0x0000000140006178       0x34 B:/00_SHIELD/01_ITI/09_C++_ES/msys64/mingw64/bin/../lib/gcc/x86_64-w64-mingw32/11.2.0/../../../../x86_64-w64-mingw32/lib/../lib/libmingw32.a(lib64_libmingw32_a-tlsthrd.o)
 .xdata         0x00000001400061ac       0x2c B:/00_SHIELD/01_ITI/09_C++_ES/msys64/mingw64/bin/../lib/gcc/x86_64-w64-mingw32/11.2.0/../../../../x86_64-w64-mingw32/lib/../lib/libmingw32.a(lib64_libmingw32_a-pesect.o)
 .xdata         0x00000001400061d8        0x4 B:/00_SHIELD/01_ITI/09_C++_ES/msys64/mingw64/bin/../lib/gcc/x86_64-w64-mingw32/11.2.0/../../../../x86_64-w64-mingw32/lib/../lib/libmsvcrt.a(lib64_libmsvcrt_extra_a-__p__fmode.o)
 .xdata         0x00000001400061dc        0x4 B:/00_SHIELD/01_ITI/09_C++_ES/msys64/mingw64/bin/../lib/gcc/x86_64-w64-mingw32/11.2.0/../../../../x86_64-w64-mingw32/lib/../lib/libmsvcrt.a(lib64_libmsvcrt_extra_a-__p__commode.o)
 .xdata         0x00000001400061e0        0x4 B:/00_SHIELD/01_ITI/09_C++_ES/msys64/mingw64/bin/../lib/gcc/x86_64-w64-mingw32/11.2.0/../../../../x86_64-w64-mingw32/lib/../lib/libmsvcrt.a(lib64_libmsvcrt_extra_a-__p__acmdln.o)
 .xdata         0x00000001400061e4        0x8 B:/00_SHIELD/01_ITI/09_C++_ES/msys64/mingw64/bin/../lib/gcc/x86_64-w64-mingw32/11.2.0/../../../../x86_64-w64-mingw32/lib/../lib/libmsvcrt.a(lib64_libmsvcrt_extra_a-invalid_parameter_handler.o)
 .xdata         0x00000001400061ec        0x8 B:/00_SHIELD/01_ITI/09_C++_ES/msys64/mingw64/bin/../lib/gcc/x86_64-w64-mingw32/11.2.0/../../../../x86_64-w64-mingw32/lib/../lib/libmsvcrt.a(lib64_libmsvcrt_common_a-acrt_iob_func.o)
 .xdata.startup
                0x00000001400061f4        0x4 B:/00_SHIELD/01_ITI/09_C++_ES/msys64/mingw64/bin/../lib/gcc/x86_64-w64-mingw32/11.2.0/crtend.o

.bss            0x0000000140007000      0x1a0
                0x0000000140007000                __bss_start__ = .
 *(.bss)
 .bss           0x0000000140007000       0x40 B:/00_SHIELD/01_ITI/09_C++_ES/msys64/mingw64/bin/../lib/gcc/x86_64-w64-mingw32/11.2.0/../../../../x86_64-w64-mingw32/lib/../lib/crt2.o
                0x0000000140007000                __mingw_module_is_dll
                0x0000000140007008                __mingw_winmain_lpCmdLine
                0x0000000140007010                __mingw_winmain_hInstance
 .bss           0x0000000140007040        0x0 B:/00_SHIELD/01_ITI/09_C++_ES/msys64/mingw64/bin/../lib/gcc/x86_64-w64-mingw32/11.2.0/crtbegin.o
 .bss           0x0000000140007040       0x10 C:\Users\mmich\AppData\Local\Temp\ccjVijYI.o
 .bss           0x0000000140007050       0x10 B:/00_SHIELD/01_ITI/09_C++_ES/msys64/mingw64/bin/../lib/gcc/x86_64-w64-mingw32/11.2.0/../../../../x86_64-w64-mingw32/lib/../lib/libmingw32.a(lib64_libmingw32_a-gccmain.o)
 .bss           0x0000000140007060       0x10 B:/00_SHIELD/01_ITI/09_C++_ES/msys64/mingw64/bin/../lib/gcc/x86_64-w64-mingw32/11.2.0/../../../../x86_64-w64-mingw32/lib/../lib/libmingw32.a(lib64_libmingw32_a-natstart.o)
                0x0000000140007060                __native_startup_lock
                0x0000000140007068                __native_startup_state
 .bss           0x0000000140007070        0x0 B:/00_SHIELD/01_ITI/09_C++_ES/msys64/mingw64/bin/../lib/gcc/x86_64-w64-mingw32/11.2.0/../../../../x86_64-w64-mingw32/lib/../lib/libmingw32.a(lib64_libmingw32_a-wildcard.o)
 .bss           0x0000000140007070        0x0 B:/00_SHIELD/01_ITI/09_C++_ES/msys64/mingw64/bin/../lib/gcc/x86_64-w64-mingw32/11.2.0/../../../../x86_64-w64-mingw32/lib/../lib/libmingw32.a(lib64_libmingw32_a-dllargv.o)
 .bss           0x0000000140007070       0x10 B:/00_SHIELD/01_ITI/09_C++_ES/msys64/mingw64/bin/../lib/gcc/x86_64-w64-mingw32/11.2.0/../../../../x86_64-w64-mingw32/lib/../lib/libmingw32.a(lib64_libmingw32_a-_newmode.o)
                0x0000000140007070                _newmode
 .bss           0x0000000140007080       0x10 B:/00_SHIELD/01_ITI/09_C++_ES/msys64/mingw64/bin/../lib/gcc/x86_64-w64-mingw32/11.2.0/../../../../x86_64-w64-mingw32/lib/../lib/libmingw32.a(lib64_libmingw32_a-tlssup.o)
                0x0000000140007080                __mingw_initltssuo_force
                0x0000000140007084                __mingw_initltsdyn_force
                0x0000000140007088                __mingw_initltsdrot_force
                0x000000014000708c                _tls_index
 .bss           0x0000000140007090       0x10 B:/00_SHIELD/01_ITI/09_C++_ES/msys64/mingw64/bin/../lib/gcc/x86_64-w64-mingw32/11.2.0/../../../../x86_64-w64-mingw32/lib/../lib/libmingw32.a(lib64_libmingw32_a-xncommod.o)
                0x0000000140007090                _commode
 .bss           0x00000001400070a0        0x0 B:/00_SHIELD/01_ITI/09_C++_ES/msys64/mingw64/bin/../lib/gcc/x86_64-w64-mingw32/11.2.0/../../../../x86_64-w64-mingw32/lib/../lib/libmingw32.a(lib64_libmingw32_a-cinitexe.o)
 .bss           0x00000001400070a0        0x0 B:/00_SHIELD/01_ITI/09_C++_ES/msys64/mingw64/bin/../lib/gcc/x86_64-w64-mingw32/11.2.0/../../../../x86_64-w64-mingw32/lib/../lib/libmingw32.a(lib64_libmingw32_a-merr.o)
 .bss           0x00000001400070a0        0x0 B:/00_SHIELD/01_ITI/09_C++_ES/msys64/mingw64/bin/../lib/gcc/x86_64-w64-mingw32/11.2.0/../../../../x86_64-w64-mingw32/lib/../lib/libmingw32.a(lib64_libmingw32_a-CRT_fp10.o)
 .bss           0x00000001400070a0       0x10 B:/00_SHIELD/01_ITI/09_C++_ES/msys64/mingw64/bin/../lib/gcc/x86_64-w64-mingw32/11.2.0/../../../../x86_64-w64-mingw32/lib/../lib/libmingw32.a(lib64_libmingw32_a-mingw_helpers.o)
                0x00000001400070a0                __mingw_app_type
 .bss           0x00000001400070b0       0x10 B:/00_SHIELD/01_ITI/09_C++_ES/msys64/mingw64/bin/../lib/gcc/x86_64-w64-mingw32/11.2.0/../../../../x86_64-w64-mingw32/lib/../lib/libmingw32.a(lib64_libmingw32_a-pseudo-reloc.o)
 .bss           0x00000001400070c0       0x10 B:/00_SHIELD/01_ITI/09_C++_ES/msys64/mingw64/bin/../lib/gcc/x86_64-w64-mingw32/11.2.0/../../../../x86_64-w64-mingw32/lib/../lib/libmingw32.a(lib64_libmingw32_a-usermatherr.o)
 .bss           0x00000001400070d0       0x10 B:/00_SHIELD/01_ITI/09_C++_ES/msys64/mingw64/bin/../lib/gcc/x86_64-w64-mingw32/11.2.0/../../../../x86_64-w64-mingw32/lib/../lib/libmingw32.a(lib64_libmingw32_a-xtxtmode.o)
                0x00000001400070d0                _fmode
 .bss           0x00000001400070e0       0x10 B:/00_SHIELD/01_ITI/09_C++_ES/msys64/mingw64/bin/../lib/gcc/x86_64-w64-mingw32/11.2.0/../../../../x86_64-w64-mingw32/lib/../lib/libmingw32.a(lib64_libmingw32_a-crt_handler.o)
                0x00000001400070e0                __mingw_oldexcpt_handler
 *fill*         0x00000001400070f0       0x10 
 .bss           0x0000000140007100       0x60 B:/00_SHIELD/01_ITI/09_C++_ES/msys64/mingw64/bin/../lib/gcc/x86_64-w64-mingw32/11.2.0/../../../../x86_64-w64-mingw32/lib/../lib/libmingw32.a(lib64_libmingw32_a-tlsthrd.o)
 .bss           0x0000000140007160        0x0 B:/00_SHIELD/01_ITI/09_C++_ES/msys64/mingw64/bin/../lib/gcc/x86_64-w64-mingw32/11.2.0/../../../../x86_64-w64-mingw32/lib/../lib/libmingw32.a(lib64_libmingw32_a-tlsmcrt.o)
 .bss           0x0000000140007160       0x10 B:/00_SHIELD/01_ITI/09_C++_ES/msys64/mingw64/bin/../lib/gcc/x86_64-w64-mingw32/11.2.0/../../../../x86_64-w64-mingw32/lib/../lib/libmingw32.a(lib64_libmingw32_a-pseudo-reloc-list.o)
 .bss           0x0000000140007170        0x0 B:/00_SHIELD/01_ITI/09_C++_ES/msys64/mingw64/bin/../lib/gcc/x86_64-w64-mingw32/11.2.0/../../../../x86_64-w64-mingw32/lib/../lib/libmingw32.a(lib64_libmingw32_a-pesect.o)
 .bss           0x0000000140007170        0x0 B:/00_SHIELD/01_ITI/09_C++_ES/msys64/mingw64/bin/../lib/gcc/x86_64-w64-mingw32/11.2.0/libgcc.a(_chkstk_ms.o)
 .bss           0x0000000140007170       0x20 B:/00_SHIELD/01_ITI/09_C++_ES/msys64/mingw64/bin/../lib/gcc/x86_64-w64-mingw32/11.2.0/libgcc.a(_ctors.o)
 .bss           0x0000000140007190        0x0 B:/00_SHIELD/01_ITI/09_C++_ES/msys64/mingw64/bin/../lib/gcc/x86_64-w64-mingw32/11.2.0/../../../../x86_64-w64-mingw32/lib/../lib/libmingwex.a(lib64_libmingwex_a-mingw_matherr.o)
 .bss           0x0000000140007190        0x0 B:/00_SHIELD/01_ITI/09_C++_ES/msys64/mingw64/bin/../lib/gcc/x86_64-w64-mingw32/11.2.0/../../../../x86_64-w64-mingw32/lib/../lib/libmsvcrt.a(lib64_libmsvcrt_extra_a-__p__fmode.o)
 .bss           0x0000000140007190        0x0 B:/00_SHIELD/01_ITI/09_C++_ES/msys64/mingw64/bin/../lib/gcc/x86_64-w64-mingw32/11.2.0/../../../../x86_64-w64-mingw32/lib/../lib/libmsvcrt.a(lib64_libmsvcrt_extra_a-__p__commode.o)
 .bss           0x0000000140007190        0x0 B:/00_SHIELD/01_ITI/09_C++_ES/msys64/mingw64/bin/../lib/gcc/x86_64-w64-mingw32/11.2.0/../../../../x86_64-w64-mingw32/lib/../lib/libmsvcrt.a(lib64_libmsvcrt_extra_a-__p__acmdln.o)
 .bss           0x0000000140007190       0x10 B:/00_SHIELD/01_ITI/09_C++_ES/msys64/mingw64/bin/../lib/gcc/x86_64-w64-mingw32/11.2.0/../../../../x86_64-w64-mingw32/lib/../lib/libmsvcrt.a(lib64_libmsvcrt_extra_a-invalid_parameter_handler.o)
 .bss           0x00000001400071a0        0x0 B:/00_SHIELD/01_ITI/09_C++_ES/msys64/mingw64/bin/../lib/gcc/x86_64-w64-mingw32/11.2.0/../../../../x86_64-w64-mingw32/lib/../lib/libmsvcrt.a(lib64_libmsvcrt_common_a-acrt_iob_func.o)
 .bss           0x00000001400071a0        0x0 B:/00_SHIELD/01_ITI/09_C++_ES/msys64/mingw64/bin/../lib/gcc/x86_64-w64-mingw32/11.2.0/../../../../x86_64-w64-mingw32/lib/../lib/libmsvcrt.a(libmsvcrt_defs00055.o)
 .bss           0x00000001400071a0        0x0 B:/00_SHIELD/01_ITI/09_C++_ES/msys64/mingw64/bin/../lib/gcc/x86_64-w64-mingw32/11.2.0/../../../../x86_64-w64-mingw32/lib/../lib/libmsvcrt.a(libmsvcrt_defs00081.o)
 .bss           0x00000001400071a0        0x0 B:/00_SHIELD/01_ITI/09_C++_ES/msys64/mingw64/bin/../lib/gcc/x86_64-w64-mingw32/11.2.0/../../../../x86_64-w64-mingw32/lib/../lib/libmsvcrt.a(libmsvcrt_defs00082.o)
 .bss           0x00000001400071a0        0x0 B:/00_SHIELD/01_ITI/09_C++_ES/msys64/mingw64/bin/../lib/gcc/x86_64-w64-mingw32/11.2.0/../../../../x86_64-w64-mingw32/lib/../lib/libmsvcrt.a(libmsvcrt_defs00083.o)
 .bss           0x00000001400071a0        0x0 B:/00_SHIELD/01_ITI/09_C++_ES/msys64/mingw64/bin/../lib/gcc/x86_64-w64-mingw32/11.2.0/../../../../x86_64-w64-mingw32/lib/../lib/libmsvcrt.a(libmsvcrt_defs00097.o)
 .bss           0x00000001400071a0        0x0 B:/00_SHIELD/01_ITI/09_C++_ES/msys64/mingw64/bin/../lib/gcc/x86_64-w64-mingw32/11.2.0/../../../../x86_64-w64-mingw32/lib/../lib/libmsvcrt.a(libmsvcrt_defs00099.o)
 .bss           0x00000001400071a0        0x0 B:/00_SHIELD/01_ITI/09_C++_ES/msys64/mingw64/bin/../lib/gcc/x86_64-w64-mingw32/11.2.0/../../../../x86_64-w64-mingw32/lib/../lib/libmsvcrt.a(libmsvcrt_defs00116.o)
 .bss           0x00000001400071a0        0x0 B:/00_SHIELD/01_ITI/09_C++_ES/msys64/mingw64/bin/../lib/gcc/x86_64-w64-mingw32/11.2.0/../../../../x86_64-w64-mingw32/lib/../lib/libmsvcrt.a(libmsvcrt_defs00123.o)
 .bss           0x00000001400071a0        0x0 B:/00_SHIELD/01_ITI/09_C++_ES/msys64/mingw64/bin/../lib/gcc/x86_64-w64-mingw32/11.2.0/../../../../x86_64-w64-mingw32/lib/../lib/libmsvcrt.a(libmsvcrt_defs00141.o)
 .bss           0x00000001400071a0        0x0 B:/00_SHIELD/01_ITI/09_C++_ES/msys64/mingw64/bin/../lib/gcc/x86_64-w64-mingw32/11.2.0/../../../../x86_64-w64-mingw32/lib/../lib/libmsvcrt.a(libmsvcrt_defs00157.o)
 .bss           0x00000001400071a0        0x0 B:/00_SHIELD/01_ITI/09_C++_ES/msys64/mingw64/bin/../lib/gcc/x86_64-w64-mingw32/11.2.0/../../../../x86_64-w64-mingw32/lib/../lib/libmsvcrt.a(libmsvcrt_defs00254.o)
 .bss           0x00000001400071a0        0x0 B:/00_SHIELD/01_ITI/09_C++_ES/msys64/mingw64/bin/../lib/gcc/x86_64-w64-mingw32/11.2.0/../../../../x86_64-w64-mingw32/lib/../lib/libmsvcrt.a(libmsvcrt_defs00332.o)
 .bss           0x00000001400071a0        0x0 B:/00_SHIELD/01_ITI/09_C++_ES/msys64/mingw64/bin/../lib/gcc/x86_64-w64-mingw32/11.2.0/../../../../x86_64-w64-mingw32/lib/../lib/libmsvcrt.a(libmsvcrt_defs00614.o)
 .bss           0x00000001400071a0        0x0 B:/00_SHIELD/01_ITI/09_C++_ES/msys64/mingw64/bin/../lib/gcc/x86_64-w64-mingw32/11.2.0/../../../../x86_64-w64-mingw32/lib/../lib/libmsvcrt.a(libmsvcrt_defs01038.o)
 .bss           0x00000001400071a0        0x0 B:/00_SHIELD/01_ITI/09_C++_ES/msys64/mingw64/bin/../lib/gcc/x86_64-w64-mingw32/11.2.0/../../../../x86_64-w64-mingw32/lib/../lib/libmsvcrt.a(libmsvcrt_defs01056.o)
 .bss           0x00000001400071a0        0x0 B:/00_SHIELD/01_ITI/09_C++_ES/msys64/mingw64/bin/../lib/gcc/x86_64-w64-mingw32/11.2.0/../../../../x86_64-w64-mingw32/lib/../lib/libmsvcrt.a(libmsvcrt_defs01069.o)
 .bss           0x00000001400071a0        0x0 B:/00_SHIELD/01_ITI/09_C++_ES/msys64/mingw64/bin/../lib/gcc/x86_64-w64-mingw32/11.2.0/../../../../x86_64-w64-mingw32/lib/../lib/libmsvcrt.a(libmsvcrt_defs01090.o)
 .bss           0x00000001400071a0        0x0 B:/00_SHIELD/01_ITI/09_C++_ES/msys64/mingw64/bin/../lib/gcc/x86_64-w64-mingw32/11.2.0/../../../../x86_64-w64-mingw32/lib/../lib/libmsvcrt.a(libmsvcrt_defs01097.o)
 .bss           0x00000001400071a0        0x0 B:/00_SHIELD/01_ITI/09_C++_ES/msys64/mingw64/bin/../lib/gcc/x86_64-w64-mingw32/11.2.0/../../../../x86_64-w64-mingw32/lib/../lib/libmsvcrt.a(libmsvcrt_defs01110.o)
 .bss           0x00000001400071a0        0x0 B:/00_SHIELD/01_ITI/09_C++_ES/msys64/mingw64/bin/../lib/gcc/x86_64-w64-mingw32/11.2.0/../../../../x86_64-w64-mingw32/lib/../lib/libmsvcrt.a(libmsvcrt_defs01158.o)
 .bss           0x00000001400071a0        0x0 B:/00_SHIELD/01_ITI/09_C++_ES/msys64/mingw64/bin/../lib/gcc/x86_64-w64-mingw32/11.2.0/../../../../x86_64-w64-mingw32/lib/../lib/libmsvcrt.a(libmsvcrt_defs01166.o)
 .bss           0x00000001400071a0        0x0 B:/00_SHIELD/01_ITI/09_C++_ES/msys64/mingw64/bin/../lib/gcc/x86_64-w64-mingw32/11.2.0/../../../../x86_64-w64-mingw32/lib/../lib/libmsvcrt.a(libmsvcrt_defs01198.o)
 .bss           0x00000001400071a0        0x0 B:/00_SHIELD/01_ITI/09_C++_ES/msys64/mingw64/bin/../lib/gcc/x86_64-w64-mingw32/11.2.0/../../../../x86_64-w64-mingw32/lib/../lib/libmsvcrt.a(libmsvcrt_defs01221.o)
 .bss           0x00000001400071a0        0x0 B:/00_SHIELD/01_ITI/09_C++_ES/msys64/mingw64/bin/../lib/gcc/x86_64-w64-mingw32/11.2.0/../../../../x86_64-w64-mingw32/lib/../lib/libmsvcrt.a(libmsvcrt_defs01224.o)
 .bss           0x00000001400071a0        0x0 B:/00_SHIELD/01_ITI/09_C++_ES/msys64/mingw64/bin/../lib/gcc/x86_64-w64-mingw32/11.2.0/../../../../x86_64-w64-mingw32/lib/../lib/libmsvcrt.a(libmsvcrt_defs01259.o)
 .bss           0x00000001400071a0        0x0 B:/00_SHIELD/01_ITI/09_C++_ES/msys64/mingw64/bin/../lib/gcc/x86_64-w64-mingw32/11.2.0/../../../../x86_64-w64-mingw32/lib/../lib/libmsvcrt.a(libmsvcrt_defh.o)
 .bss           0x00000001400071a0        0x0 B:/00_SHIELD/01_ITI/09_C++_ES/msys64/mingw64/bin/../lib/gcc/x86_64-w64-mingw32/11.2.0/../../../../x86_64-w64-mingw32/lib/../lib/libmsvcrt.a(libmsvcrt_deft.o)
 .bss           0x00000001400071a0        0x0 B:/00_SHIELD/01_ITI/09_C++_ES/msys64/mingw64/bin/../lib/gcc/x86_64-w64-mingw32/11.2.0/../../../../x86_64-w64-mingw32/lib/../lib/libkernel32.a(libkernel32s01493.o)
 .bss           0x00000001400071a0        0x0 B:/00_SHIELD/01_ITI/09_C++_ES/msys64/mingw64/bin/../lib/gcc/x86_64-w64-mingw32/11.2.0/../../../../x86_64-w64-mingw32/lib/../lib/libkernel32.a(libkernel32s01491.o)
 .bss           0x00000001400071a0        0x0 B:/00_SHIELD/01_ITI/09_C++_ES/msys64/mingw64/bin/../lib/gcc/x86_64-w64-mingw32/11.2.0/../../../../x86_64-w64-mingw32/lib/../lib/libkernel32.a(libkernel32s01444.o)
 .bss           0x00000001400071a0        0x0 B:/00_SHIELD/01_ITI/09_C++_ES/msys64/mingw64/bin/../lib/gcc/x86_64-w64-mingw32/11.2.0/../../../../x86_64-w64-mingw32/lib/../lib/libkernel32.a(libkernel32s01409.o)
 .bss           0x00000001400071a0        0x0 B:/00_SHIELD/01_ITI/09_C++_ES/msys64/mingw64/bin/../lib/gcc/x86_64-w64-mingw32/11.2.0/../../../../x86_64-w64-mingw32/lib/../lib/libkernel32.a(libkernel32s01393.o)
 .bss           0x00000001400071a0        0x0 B:/00_SHIELD/01_ITI/09_C++_ES/msys64/mingw64/bin/../lib/gcc/x86_64-w64-mingw32/11.2.0/../../../../x86_64-w64-mingw32/lib/../lib/libkernel32.a(libkernel32s00983.o)
 .bss           0x00000001400071a0        0x0 B:/00_SHIELD/01_ITI/09_C++_ES/msys64/mingw64/bin/../lib/gcc/x86_64-w64-mingw32/11.2.0/../../../../x86_64-w64-mingw32/lib/../lib/libkernel32.a(libkernel32s00891.o)
 .bss           0x00000001400071a0        0x0 B:/00_SHIELD/01_ITI/09_C++_ES/msys64/mingw64/bin/../lib/gcc/x86_64-w64-mingw32/11.2.0/../../../../x86_64-w64-mingw32/lib/../lib/libkernel32.a(libkernel32s00742.o)
 .bss           0x00000001400071a0        0x0 B:/00_SHIELD/01_ITI/09_C++_ES/msys64/mingw64/bin/../lib/gcc/x86_64-w64-mingw32/11.2.0/../../../../x86_64-w64-mingw32/lib/../lib/libkernel32.a(libkernel32s00629.o)
 .bss           0x00000001400071a0        0x0 B:/00_SHIELD/01_ITI/09_C++_ES/msys64/mingw64/bin/../lib/gcc/x86_64-w64-mingw32/11.2.0/../../../../x86_64-w64-mingw32/lib/../lib/libkernel32.a(libkernel32s00318.o)
 .bss           0x00000001400071a0        0x0 B:/00_SHIELD/01_ITI/09_C++_ES/msys64/mingw64/bin/../lib/gcc/x86_64-w64-mingw32/11.2.0/../../../../x86_64-w64-mingw32/lib/../lib/libkernel32.a(libkernel32s00282.o)
 .bss           0x00000001400071a0        0x0 B:/00_SHIELD/01_ITI/09_C++_ES/msys64/mingw64/bin/../lib/gcc/x86_64-w64-mingw32/11.2.0/../../../../x86_64-w64-mingw32/lib/../lib/libkernel32.a(libkernel32h.o)
 .bss           0x00000001400071a0        0x0 B:/00_SHIELD/01_ITI/09_C++_ES/msys64/mingw64/bin/../lib/gcc/x86_64-w64-mingw32/11.2.0/../../../../x86_64-w64-mingw32/lib/../lib/libkernel32.a(libkernel32t.o)
 .bss           0x00000001400071a0        0x0 B:/00_SHIELD/01_ITI/09_C++_ES/msys64/mingw64/bin/../lib/gcc/x86_64-w64-mingw32/11.2.0/crtend.o
 *(COMMON)
                0x00000001400071a0                __bss_end__ = .

.edata
 *(.edata)

/DISCARD/
 *(.debug$S)
 *(.debug$T)
 *(.debug$F)
 *(.drectve)
 *(.note.GNU-stack)
 *(.gnu.lto_*)

.idata          0x0000000140008000      0x800
 SORT_BY_NAME(*)(.idata$2)
 .idata$2       0x0000000140008000       0x14 B:/00_SHIELD/01_ITI/09_C++_ES/msys64/mingw64/bin/../lib/gcc/x86_64-w64-mingw32/11.2.0/../../../../x86_64-w64-mingw32/lib/../lib/libkernel32.a(libkernel32h.o)
                0x0000000140008000                _head_lib64_libkernel32_a
 .idata$2       0x0000000140008014       0x14 B:/00_SHIELD/01_ITI/09_C++_ES/msys64/mingw64/bin/../lib/gcc/x86_64-w64-mingw32/11.2.0/../../../../x86_64-w64-mingw32/lib/../lib/libmsvcrt.a(libmsvcrt_defh.o)
                0x0000000140008014                _head_lib64_libmsvcrt_def_a
 .idata$2       0x0000000140008028       0x14 B:/00_SHIELD/01_ITI/09_C++_ES/msys64/mingw64/bin/../lib/gcc/x86_64-w64-mingw32/11.2.0/libstdc++.dll.a(d000000.o)
                0x0000000140008028                _head_libstdc___6_dll
 SORT_BY_NAME(*)(.idata$3)
                0x000000014000803c        0x4 LONG 0x0
                0x0000000140008040        0x4 LONG 0x0
                0x0000000140008044        0x4 LONG 0x0
                0x0000000140008048        0x4 LONG 0x0
                0x000000014000804c        0x4 LONG 0x0
 SORT_BY_NAME(*)(.idata$4)
 .idata$4       0x0000000140008050        0x0 B:/00_SHIELD/01_ITI/09_C++_ES/msys64/mingw64/bin/../lib/gcc/x86_64-w64-mingw32/11.2.0/../../../../x86_64-w64-mingw32/lib/../lib/libkernel32.a(libkernel32h.o)
 .idata$4       0x0000000140008050        0x8 B:/00_SHIELD/01_ITI/09_C++_ES/msys64/mingw64/bin/../lib/gcc/x86_64-w64-mingw32/11.2.0/../../../../x86_64-w64-mingw32/lib/../lib/libkernel32.a(libkernel32s00282.o)
 .idata$4       0x0000000140008058        0x8 B:/00_SHIELD/01_ITI/09_C++_ES/msys64/mingw64/bin/../lib/gcc/x86_64-w64-mingw32/11.2.0/../../../../x86_64-w64-mingw32/lib/../lib/libkernel32.a(libkernel32s00318.o)
 .idata$4       0x0000000140008060        0x8 B:/00_SHIELD/01_ITI/09_C++_ES/msys64/mingw64/bin/../lib/gcc/x86_64-w64-mingw32/11.2.0/../../../../x86_64-w64-mingw32/lib/../lib/libkernel32.a(libkernel32s00629.o)
 .idata$4       0x0000000140008068        0x8 B:/00_SHIELD/01_ITI/09_C++_ES/msys64/mingw64/bin/../lib/gcc/x86_64-w64-mingw32/11.2.0/../../../../x86_64-w64-mingw32/lib/../lib/libkernel32.a(libkernel32s00742.o)
 .idata$4       0x0000000140008070        0x8 B:/00_SHIELD/01_ITI/09_C++_ES/msys64/mingw64/bin/../lib/gcc/x86_64-w64-mingw32/11.2.0/../../../../x86_64-w64-mingw32/lib/../lib/libkernel32.a(libkernel32s00891.o)
 .idata$4       0x0000000140008078        0x8 B:/00_SHIELD/01_ITI/09_C++_ES/msys64/mingw64/bin/../lib/gcc/x86_64-w64-mingw32/11.2.0/../../../../x86_64-w64-mingw32/lib/../lib/libkernel32.a(libkernel32s00983.o)
 .idata$4       0x0000000140008080        0x8 B:/00_SHIELD/01_ITI/09_C++_ES/msys64/mingw64/bin/../lib/gcc/x86_64-w64-mingw32/11.2.0/../../../../x86_64-w64-mingw32/lib/../lib/libkernel32.a(libkernel32s01393.o)
 .idata$4       0x0000000140008088        0x8 B:/00_SHIELD/01_ITI/09_C++_ES/msys64/mingw64/bin/../lib/gcc/x86_64-w64-mingw32/11.2.0/../../../../x86_64-w64-mingw32/lib/../lib/libkernel32.a(libkernel32s01409.o)
 .idata$4       0x0000000140008090        0x8 B:/00_SHIELD/01_ITI/09_C++_ES/msys64/mingw64/bin/../lib/gcc/x86_64-w64-mingw32/11.2.0/../../../../x86_64-w64-mingw32/lib/../lib/libkernel32.a(libkernel32s01444.o)
 .idata$4       0x0000000140008098        0x8 B:/00_SHIELD/01_ITI/09_C++_ES/msys64/mingw64/bin/../lib/gcc/x86_64-w64-mingw32/11.2.0/../../../../x86_64-w64-mingw32/lib/../lib/libkernel32.a(libkernel32s01491.o)
 .idata$4       0x00000001400080a0        0x8 B:/00_SHIELD/01_ITI/09_C++_ES/msys64/mingw64/bin/../lib/gcc/x86_64-w64-mingw32/11.2.0/../../../../x86_64-w64-mingw32/lib/../lib/libkernel32.a(libkernel32s01493.o)
 .idata$4       0x00000001400080a8        0x8 B:/00_SHIELD/01_ITI/09_C++_ES/msys64/mingw64/bin/../lib/gcc/x86_64-w64-mingw32/11.2.0/../../../../x86_64-w64-mingw32/lib/../lib/libkernel32.a(libkernel32t.o)
 .idata$4       0x00000001400080b0        0x0 B:/00_SHIELD/01_ITI/09_C++_ES/msys64/mingw64/bin/../lib/gcc/x86_64-w64-mingw32/11.2.0/../../../../x86_64-w64-mingw32/lib/../lib/libmsvcrt.a(libmsvcrt_defh.o)
 .idata$4       0x00000001400080b0        0x8 B:/00_SHIELD/01_ITI/09_C++_ES/msys64/mingw64/bin/../lib/gcc/x86_64-w64-mingw32/11.2.0/../../../../x86_64-w64-mingw32/lib/../lib/libmsvcrt.a(libmsvcrt_defs00055.o)
 .idata$4       0x00000001400080b8        0x8 B:/00_SHIELD/01_ITI/09_C++_ES/msys64/mingw64/bin/../lib/gcc/x86_64-w64-mingw32/11.2.0/../../../../x86_64-w64-mingw32/lib/../lib/libmsvcrt.a(libmsvcrt_defs00081.o)
 .idata$4       0x00000001400080c0        0x8 B:/00_SHIELD/01_ITI/09_C++_ES/msys64/mingw64/bin/../lib/gcc/x86_64-w64-mingw32/11.2.0/../../../../x86_64-w64-mingw32/lib/../lib/libmsvcrt.a(libmsvcrt_defs00082.o)
 .idata$4       0x00000001400080c8        0x8 B:/00_SHIELD/01_ITI/09_C++_ES/msys64/mingw64/bin/../lib/gcc/x86_64-w64-mingw32/11.2.0/../../../../x86_64-w64-mingw32/lib/../lib/libmsvcrt.a(libmsvcrt_defs00083.o)
 .idata$4       0x00000001400080d0        0x8 B:/00_SHIELD/01_ITI/09_C++_ES/msys64/mingw64/bin/../lib/gcc/x86_64-w64-mingw32/11.2.0/../../../../x86_64-w64-mingw32/lib/../lib/libmsvcrt.a(libmsvcrt_defs00097.o)
 .idata$4       0x00000001400080d8        0x8 B:/00_SHIELD/01_ITI/09_C++_ES/msys64/mingw64/bin/../lib/gcc/x86_64-w64-mingw32/11.2.0/../../../../x86_64-w64-mingw32/lib/../lib/libmsvcrt.a(libmsvcrt_defs00099.o)
 .idata$4       0x00000001400080e0        0x8 B:/00_SHIELD/01_ITI/09_C++_ES/msys64/mingw64/bin/../lib/gcc/x86_64-w64-mingw32/11.2.0/../../../../x86_64-w64-mingw32/lib/../lib/libmsvcrt.a(libmsvcrt_defs00116.o)
 .idata$4       0x00000001400080e8        0x8 B:/00_SHIELD/01_ITI/09_C++_ES/msys64/mingw64/bin/../lib/gcc/x86_64-w64-mingw32/11.2.0/../../../../x86_64-w64-mingw32/lib/../lib/libmsvcrt.a(libmsvcrt_defs00123.o)
 .idata$4       0x00000001400080f0        0x8 B:/00_SHIELD/01_ITI/09_C++_ES/msys64/mingw64/bin/../lib/gcc/x86_64-w64-mingw32/11.2.0/../../../../x86_64-w64-mingw32/lib/../lib/libmsvcrt.a(libmsvcrt_defs00141.o)
 .idata$4       0x00000001400080f8        0x8 B:/00_SHIELD/01_ITI/09_C++_ES/msys64/mingw64/bin/../lib/gcc/x86_64-w64-mingw32/11.2.0/../../../../x86_64-w64-mingw32/lib/../lib/libmsvcrt.a(libmsvcrt_defs00157.o)
 .idata$4       0x0000000140008100        0x8 B:/00_SHIELD/01_ITI/09_C++_ES/msys64/mingw64/bin/../lib/gcc/x86_64-w64-mingw32/11.2.0/../../../../x86_64-w64-mingw32/lib/../lib/libmsvcrt.a(libmsvcrt_defs00254.o)
 .idata$4       0x0000000140008108        0x8 B:/00_SHIELD/01_ITI/09_C++_ES/msys64/mingw64/bin/../lib/gcc/x86_64-w64-mingw32/11.2.0/../../../../x86_64-w64-mingw32/lib/../lib/libmsvcrt.a(libmsvcrt_defs00332.o)
 .idata$4       0x0000000140008110        0x8 B:/00_SHIELD/01_ITI/09_C++_ES/msys64/mingw64/bin/../lib/gcc/x86_64-w64-mingw32/11.2.0/../../../../x86_64-w64-mingw32/lib/../lib/libmsvcrt.a(libmsvcrt_defs00614.o)
 .idata$4       0x0000000140008118        0x8 B:/00_SHIELD/01_ITI/09_C++_ES/msys64/mingw64/bin/../lib/gcc/x86_64-w64-mingw32/11.2.0/../../../../x86_64-w64-mingw32/lib/../lib/libmsvcrt.a(libmsvcrt_defs01038.o)
 .idata$4       0x0000000140008120        0x8 B:/00_SHIELD/01_ITI/09_C++_ES/msys64/mingw64/bin/../lib/gcc/x86_64-w64-mingw32/11.2.0/../../../../x86_64-w64-mingw32/lib/../lib/libmsvcrt.a(libmsvcrt_defs01056.o)
 .idata$4       0x0000000140008128        0x8 B:/00_SHIELD/01_ITI/09_C++_ES/msys64/mingw64/bin/../lib/gcc/x86_64-w64-mingw32/11.2.0/../../../../x86_64-w64-mingw32/lib/../lib/libmsvcrt.a(libmsvcrt_defs01069.o)
 .idata$4       0x0000000140008130        0x8 B:/00_SHIELD/01_ITI/09_C++_ES/msys64/mingw64/bin/../lib/gcc/x86_64-w64-mingw32/11.2.0/../../../../x86_64-w64-mingw32/lib/../lib/libmsvcrt.a(libmsvcrt_defs01090.o)
 .idata$4       0x0000000140008138        0x8 B:/00_SHIELD/01_ITI/09_C++_ES/msys64/mingw64/bin/../lib/gcc/x86_64-w64-mingw32/11.2.0/../../../../x86_64-w64-mingw32/lib/../lib/libmsvcrt.a(libmsvcrt_defs01097.o)
 .idata$4       0x0000000140008140        0x8 B:/00_SHIELD/01_ITI/09_C++_ES/msys64/mingw64/bin/../lib/gcc/x86_64-w64-mingw32/11.2.0/../../../../x86_64-w64-mingw32/lib/../lib/libmsvcrt.a(libmsvcrt_defs01110.o)